Archive member included to satisfy reference by file (symbol)

c:/st/stm32cubeide_1.2.0/stm32cubeide/plugins/com.st.stm32cube.ide.mcu.externaltools.gnu-tools-for-stm32.7-2018-q2-update.win32_1.0.0.201904181610/tools/bin/../lib/gcc/arm-none-eabi/7.3.1/../../../../arm-none-eabi/lib/thumb/v7-m\libc_nano.a(lib_a-errno.o)
                              Core/Src/syscalls.o (__errno)
c:/st/stm32cubeide_1.2.0/stm32cubeide/plugins/com.st.stm32cube.ide.mcu.externaltools.gnu-tools-for-stm32.7-2018-q2-update.win32_1.0.0.201904181610/tools/bin/../lib/gcc/arm-none-eabi/7.3.1/../../../../arm-none-eabi/lib/thumb/v7-m\libc_nano.a(lib_a-exit.o)
                              c:/st/stm32cubeide_1.2.0/stm32cubeide/plugins/com.st.stm32cube.ide.mcu.externaltools.gnu-tools-for-stm32.7-2018-q2-update.win32_1.0.0.201904181610/tools/bin/../lib/gcc/arm-none-eabi/7.3.1/../../../../arm-none-eabi/lib/thumb/v7-m/crt0.o (exit)
c:/st/stm32cubeide_1.2.0/stm32cubeide/plugins/com.st.stm32cube.ide.mcu.externaltools.gnu-tools-for-stm32.7-2018-q2-update.win32_1.0.0.201904181610/tools/bin/../lib/gcc/arm-none-eabi/7.3.1/../../../../arm-none-eabi/lib/thumb/v7-m\libc_nano.a(lib_a-impure.o)
                              c:/st/stm32cubeide_1.2.0/stm32cubeide/plugins/com.st.stm32cube.ide.mcu.externaltools.gnu-tools-for-stm32.7-2018-q2-update.win32_1.0.0.201904181610/tools/bin/../lib/gcc/arm-none-eabi/7.3.1/../../../../arm-none-eabi/lib/thumb/v7-m\libc_nano.a(lib_a-exit.o) (_global_impure_ptr)
c:/st/stm32cubeide_1.2.0/stm32cubeide/plugins/com.st.stm32cube.ide.mcu.externaltools.gnu-tools-for-stm32.7-2018-q2-update.win32_1.0.0.201904181610/tools/bin/../lib/gcc/arm-none-eabi/7.3.1/../../../../arm-none-eabi/lib/thumb/v7-m\libc_nano.a(lib_a-init.o)
                              c:/st/stm32cubeide_1.2.0/stm32cubeide/plugins/com.st.stm32cube.ide.mcu.externaltools.gnu-tools-for-stm32.7-2018-q2-update.win32_1.0.0.201904181610/tools/bin/../lib/gcc/arm-none-eabi/7.3.1/../../../../arm-none-eabi/lib/thumb/v7-m/crt0.o (__libc_init_array)
c:/st/stm32cubeide_1.2.0/stm32cubeide/plugins/com.st.stm32cube.ide.mcu.externaltools.gnu-tools-for-stm32.7-2018-q2-update.win32_1.0.0.201904181610/tools/bin/../lib/gcc/arm-none-eabi/7.3.1/../../../../arm-none-eabi/lib/thumb/v7-m\libc_nano.a(lib_a-memset.o)
                              c:/st/stm32cubeide_1.2.0/stm32cubeide/plugins/com.st.stm32cube.ide.mcu.externaltools.gnu-tools-for-stm32.7-2018-q2-update.win32_1.0.0.201904181610/tools/bin/../lib/gcc/arm-none-eabi/7.3.1/../../../../arm-none-eabi/lib/thumb/v7-m/crt0.o (memset)
c:/st/stm32cubeide_1.2.0/stm32cubeide/plugins/com.st.stm32cube.ide.mcu.externaltools.gnu-tools-for-stm32.7-2018-q2-update.win32_1.0.0.201904181610/tools/bin/../lib/gcc/arm-none-eabi/7.3.1/../../../../arm-none-eabi/lib/thumb/v7-m\libc_nano.a(lib_a-sprintf.o)
                              Core/Src/main.o (sprintf)
c:/st/stm32cubeide_1.2.0/stm32cubeide/plugins/com.st.stm32cube.ide.mcu.externaltools.gnu-tools-for-stm32.7-2018-q2-update.win32_1.0.0.201904181610/tools/bin/../lib/gcc/arm-none-eabi/7.3.1/../../../../arm-none-eabi/lib/thumb/v7-m\libc_nano.a(lib_a-nano-svfprintf.o)
                              c:/st/stm32cubeide_1.2.0/stm32cubeide/plugins/com.st.stm32cube.ide.mcu.externaltools.gnu-tools-for-stm32.7-2018-q2-update.win32_1.0.0.201904181610/tools/bin/../lib/gcc/arm-none-eabi/7.3.1/../../../../arm-none-eabi/lib/thumb/v7-m\libc_nano.a(lib_a-sprintf.o) (_svfprintf_r)
c:/st/stm32cubeide_1.2.0/stm32cubeide/plugins/com.st.stm32cube.ide.mcu.externaltools.gnu-tools-for-stm32.7-2018-q2-update.win32_1.0.0.201904181610/tools/bin/../lib/gcc/arm-none-eabi/7.3.1/../../../../arm-none-eabi/lib/thumb/v7-m\libc_nano.a(lib_a-nano-vfprintf_i.o)
                              c:/st/stm32cubeide_1.2.0/stm32cubeide/plugins/com.st.stm32cube.ide.mcu.externaltools.gnu-tools-for-stm32.7-2018-q2-update.win32_1.0.0.201904181610/tools/bin/../lib/gcc/arm-none-eabi/7.3.1/../../../../arm-none-eabi/lib/thumb/v7-m\libc_nano.a(lib_a-nano-svfprintf.o) (_printf_i)
c:/st/stm32cubeide_1.2.0/stm32cubeide/plugins/com.st.stm32cube.ide.mcu.externaltools.gnu-tools-for-stm32.7-2018-q2-update.win32_1.0.0.201904181610/tools/bin/../lib/gcc/arm-none-eabi/7.3.1/../../../../arm-none-eabi/lib/thumb/v7-m\libc_nano.a(lib_a-memchr-stub.o)
                              c:/st/stm32cubeide_1.2.0/stm32cubeide/plugins/com.st.stm32cube.ide.mcu.externaltools.gnu-tools-for-stm32.7-2018-q2-update.win32_1.0.0.201904181610/tools/bin/../lib/gcc/arm-none-eabi/7.3.1/../../../../arm-none-eabi/lib/thumb/v7-m\libc_nano.a(lib_a-nano-svfprintf.o) (memchr)
c:/st/stm32cubeide_1.2.0/stm32cubeide/plugins/com.st.stm32cube.ide.mcu.externaltools.gnu-tools-for-stm32.7-2018-q2-update.win32_1.0.0.201904181610/tools/bin/../lib/gcc/arm-none-eabi/7.3.1/../../../../arm-none-eabi/lib/thumb/v7-m\libc_nano.a(lib_a-memcpy-stub.o)
[...]
Memory Configuration

Name             Origin             Length             Attributes
RAM              0x0000000020000000 0x0000000000005000 xrw
FLASH            0x0000000008000000 0x0000000000010000 xr
*default*        0x0000000000000000 0xffffffffffffffff

Linker script and memory map

LOAD c:/st/stm32cubeide_1.2.0/stm32cubeide/plugins/com.st.stm32cube.ide.mcu.externaltools.gnu-tools-for-stm32.7-2018-q2-update.win32_1.0.0.201904181610/tools/bin/../lib/gcc/arm-none-eabi/7.3.1/thumb/v7-m/crti.o
LOAD c:/st/stm32cubeide_1.2.0/stm32cubeide/plugins/com.st.stm32cube.ide.mcu.externaltools.gnu-tools-for-stm32.7-2018-q2-update.win32_1.0.0.201904181610/tools/bin/../lib/gcc/arm-none-eabi/7.3.1/thumb/v7-m/crtbegin.o
LOAD c:/st/stm32cubeide_1.2.0/stm32cubeide/plugins/com.st.stm32cube.ide.mcu.externaltools.gnu-tools-for-stm32.7-2018-q2-update.win32_1.0.0.201904181610/tools/bin/../lib/gcc/arm-none-eabi/7.3.1/../../../../arm-none-eabi/lib/thumb/v7-m/crt0.o
LOAD Core/Src/main.o
LOAD Core/Src/stm32f1xx_hal_msp.o
LOAD Core/Src/stm32f1xx_it.o
LOAD Core/Src/syscalls.o
LOAD Core/Src/sysmem.o
LOAD Core/Src/system_stm32f1xx.o
LOAD Core/Startup/startup_stm32f103c8tx.o
LOAD Drivers/STM32F1xx_HAL_Driver/Src/stm32f1xx_hal.o
LOAD Drivers/STM32F1xx_HAL_Driver/Src/stm32f1xx_hal_cortex.o
LOAD Drivers/STM32F1xx_HAL_Driver/Src/stm32f1xx_hal_dma.o
LOAD Drivers/STM32F1xx_HAL_Driver/Src/stm32f1xx_hal_exti.o
LOAD Drivers/STM32F1xx_HAL_Driver/Src/stm32f1xx_hal_flash.o
LOAD Drivers/STM32F1xx_HAL_Driver/Src/stm32f1xx_hal_flash_ex.o
LOAD Drivers/STM32F1xx_HAL_Driver/Src/stm32f1xx_hal_gpio.o
LOAD Drivers/STM32F1xx_HAL_Driver/Src/stm32f1xx_hal_gpio_ex.o
LOAD Drivers/STM32F1xx_HAL_Driver/Src/stm32f1xx_hal_pcd.o
LOAD Drivers/STM32F1xx_HAL_Driver/Src/stm32f1xx_hal_pcd_ex.o
LOAD Drivers/STM32F1xx_HAL_Driver/Src/stm32f1xx_hal_pwr.o
LOAD Drivers/STM32F1xx_HAL_Driver/Src/stm32f1xx_hal_rcc.o
LOAD Drivers/STM32F1xx_HAL_Driver/Src/stm32f1xx_hal_rcc_ex.o
LOAD Drivers/STM32F1xx_HAL_Driver/Src/stm32f1xx_hal_tim.o
LOAD Drivers/STM32F1xx_HAL_Driver/Src/stm32f1xx_hal_tim_ex.o
LOAD Drivers/STM32F1xx_HAL_Driver/Src/stm32f1xx_hal_uart.o
LOAD Drivers/STM32F1xx_HAL_Driver/Src/stm32f1xx_ll_usb.o
LOAD Middlewares/ST/STM32_USB_Device_Library/Class/CDC/Src/usbd_cdc.o
LOAD Middlewares/ST/STM32_USB_Device_Library/Core/Src/usbd_core.o
LOAD Middlewares/ST/STM32_USB_Device_Library/Core/Src/usbd_ctlreq.o
LOAD Middlewares/ST/STM32_USB_Device_Library/Core/Src/usbd_ioreq.o
LOAD USB_DEVICE/App/usb_device.o
LOAD USB_DEVICE/App/usbd_cdc_if.o
LOAD USB_DEVICE/App/usbd_desc.o
LOAD USB_DEVICE/Target/usbd_conf.o
START GROUP
LOAD c:/st/stm32cubeide_1.2.0/stm32cubeide/plugins/com.st.stm32cube.ide.mcu.externaltools.gnu-tools-for-stm32.7-2018-q2-update.win32_1.0.0.201904181610/tools/bin/../lib/gcc/arm-none-eabi/7.3.1/../../../../arm-none-eabi/lib/thumb/v7-m\libc_nano.a
LOAD c:/st/stm32cubeide_1.2.0/stm32cubeide/plugins/com.st.stm32cube.ide.mcu.externaltools.gnu-tools-for-stm32.7-2018-q2-update.win32_1.0.0.201904181610/tools/bin/../lib/gcc/arm-none-eabi/7.3.1/../../../../arm-none-eabi/lib/thumb/v7-m\libm.a
END GROUP
START GROUP
LOAD c:/st/stm32cubeide_1.2.0/stm32cubeide/plugins/com.st.stm32cube.ide.mcu.externaltools.gnu-tools-for-stm32.7-2018-q2-update.win32_1.0.0.201904181610/tools/bin/../lib/gcc/arm-none-eabi/7.3.1/thumb/v7-m\libgcc.a
LOAD c:/st/stm32cubeide_1.2.0/stm32cubeide/plugins/com.st.stm32cube.ide.mcu.externaltools.gnu-tools-for-stm32.7-2018-q2-update.win32_1.0.0.201904181610/tools/bin/../lib/gcc/arm-none-eabi/7.3.1/../../../../arm-none-eabi/lib/thumb/v7-m\libc_nano.a
END GROUP
START GROUP
LOAD c:/st/stm32cubeide_1.2.0/stm32cubeide/plugins/com.st.stm32cube.ide.mcu.externaltools.gnu-tools-for-stm32.7-2018-q2-update.win32_1.0.0.201904181610/tools/bin/../lib/gcc/arm-none-eabi/7.3.1/thumb/v7-m\libgcc.a
LOAD c:/st/stm32cubeide_1.2.0/stm32cubeide/plugins/com.st.stm32cube.ide.mcu.externaltools.gnu-tools-for-stm32.7-2018-q2-update.win32_1.0.0.201904181610/tools/bin/../lib/gcc/arm-none-eabi/7.3.1/../../../../arm-none-eabi/lib/thumb/v7-m\libc_nano.a
LOAD c:/st/stm32cubeide_1.2.0/stm32cubeide/plugins/com.st.stm32cube.ide.mcu.externaltools.gnu-tools-for-stm32.7-2018-q2-update.win32_1.0.0.201904181610/tools/bin/../lib/gcc/arm-none-eabi/7.3.1/../../../../arm-none-eabi/lib/thumb/v7-m\libnosys.a
END GROUP
START GROUP
LOAD c:/st/stm32cubeide_1.2.0/stm32cubeide/plugins/com.st.stm32cube.ide.mcu.externaltools.gnu-tools-for-stm32.7-2018-q2-update.win32_1.0.0.201904181610/tools/bin/../lib/gcc/arm-none-eabi/7.3.1/thumb/v7-m\libgcc.a
LOAD c:/st/stm32cubeide_1.2.0/stm32cubeide/plugins/com.st.stm32cube.ide.mcu.externaltools.gnu-tools-for-stm32.7-2018-q2-update.win32_1.0.0.201904181610/tools/bin/../lib/gcc/arm-none-eabi/7.3.1/../../../../arm-none-eabi/lib/thumb/v7-m\libc_nano.a
LOAD c:/st/stm32cubeide_1.2.0/stm32cubeide/plugins/com.st.stm32cube.ide.mcu.externaltools.gnu-tools-for-stm32.7-2018-q2-update.win32_1.0.0.201904181610/tools/bin/../lib/gcc/arm-none-eabi/7.3.1/../../../../arm-none-eabi/lib/thumb/v7-m\libnosys.a
END GROUP
LOAD c:/st/stm32cubeide_1.2.0/stm32cubeide/plugins/com.st.stm32cube.ide.mcu.externaltools.gnu-tools-for-stm32.7-2018-q2-update.win32_1.0.0.201904181610/tools/bin/../lib/gcc/arm-none-eabi/7.3.1/thumb/v7-m/crtend.o
LOAD c:/st/stm32cubeide_1.2.0/stm32cubeide/plugins/com.st.stm32cube.ide.mcu.externaltools.gnu-tools-for-stm32.7-2018-q2-update.win32_1.0.0.201904181610/tools/bin/../lib/gcc/arm-none-eabi/7.3.1/thumb/v7-m/crtn.o
                0x0000000020005000                _estack = (ORIGIN (RAM) + LENGTH (RAM))
                0x0000000000000200                _Min_Heap_Size = 0x200
                0x0000000000000400                _Min_Stack_Size = 0x400

.isr_vector     0x0000000008000000      0x10c
                0x0000000008000000                . = ALIGN (0x4)
 *(.isr_vector)
 .isr_vector    0x0000000008000000      0x10c Core/Startup/startup_stm32f103c8tx.o
                0x0000000008000000                g_pfnVectors
                0x000000000800010c                . = ALIGN (0x4)

.text           0x000000000800010c     0x5dac
                0x000000000800010c                . = ALIGN (0x4)
 *(.text)
 .text          0x000000000800010c       0x40 c:/st/stm32cubeide_1.2.0/stm32cubeide/plugins/com.st.stm32cube.ide.mcu.externaltools.gnu-tools-for-stm32.7-2018-q2-update.win32_1.0.0.201904181610/tools/bin/../lib/gcc/arm-none-eabi/7.3.1/thumb/v7-m/crtbegin.o
 *(.text*)
 .text.main     0x000000000800014c       0x9c Core/Src/main.o
                0x000000000800014c                main
 .text.SystemClock_Config
                0x00000000080001e8       0xb6 Core/Src/main.o
                0x00000000080001e8                SystemClock_Config
 .text.MX_NVIC_Init
                0x000000000800029e       0x18 Core/Src/main.o
 *fill*         0x00000000080002b6        0x2 
 .text.MX_USART3_UART_Init
                0x00000000080002b8       0x54 Core/Src/main.o
 .text.MX_GPIO_Init
                0x000000000800030c      0x110 Core/Src/main.o
 .text.Error_Handler
                0x000000000800041c       0x34 Core/Src/main.o
                0x000000000800041c                Error_Handler
 .text.HAL_MspInit
                0x0000000008000450       0x74 Core/Src/stm32f1xx_hal_msp.o
                0x0000000008000450                HAL_MspInit
 .text.HAL_UART_MspInit
                0x00000000080004c4       0xa8 Core/Src/stm32f1xx_hal_msp.o
                0x00000000080004c4                HAL_UART_MspInit
 .text.NMI_Handler
                0x000000000800056c        0xc Core/Src/stm32f1xx_it.o
                0x000000000800056c                NMI_Handler
 .text.HardFault_Handler
                0x0000000008000578        0x6 Core/Src/stm32f1xx_it.o
                0x0000000008000578                HardFault_Handler
 .text.MemManage_Handler
                0x000000000800057e        0x6 Core/Src/stm32f1xx_it.o
                0x000000000800057e                MemManage_Handler
 .text.BusFault_Handler
                0x0000000008000584        0x6 Core/Src/stm32f1xx_it.o
                0x0000000008000584                BusFault_Handler
 .text.UsageFault_Handler
                0x000000000800058a        0x6 Core/Src/stm32f1xx_it.o
                0x000000000800058a                UsageFault_Handler
 .text.SVC_Handler
                0x0000000008000590        0xc Core/Src/stm32f1xx_it.o
                0x0000000008000590                SVC_Handler
 .text.DebugMon_Handler
                0x000000000800059c        0xc Core/Src/stm32f1xx_it.o
                0x000000000800059c                DebugMon_Handler
 .text.PendSV_Handler
                0x00000000080005a8        0xc Core/Src/stm32f1xx_it.o
                0x00000000080005a8                PendSV_Handler
 .text.SysTick_Handler
                0x00000000080005b4        0xc Core/Src/stm32f1xx_it.o
                0x00000000080005b4                SysTick_Handler
 .text.RCC_IRQHandler
                0x00000000080005c0        0xc Core/Src/stm32f1xx_it.o
                0x00000000080005c0                RCC_IRQHandler
 .text.USB_LP_CAN1_RX0_IRQHandler
                0x00000000080005cc       0x14 Core/Src/stm32f1xx_it.o
                0x00000000080005cc                USB_LP_CAN1_RX0_IRQHandler
 .text.USART3_IRQHandler
                0x00000000080005e0       0x14 Core/Src/stm32f1xx_it.o
                0x00000000080005e0                USART3_IRQHandler
 .text.SystemInit
                0x00000000080005f4       0x68 Core/Src/system_stm32f1xx.o
                0x00000000080005f4                SystemInit
 .text.Reset_Handler
                0x000000000800065c       0x48 Core/Startup/startup_stm32f103c8tx.o
                0x000000000800065c                Reset_Handler
 .text.Default_Handler
                0x00000000080006a4        0x2 Core/Startup/startup_stm32f103c8tx.o
                0x00000000080006a4                RTC_Alarm_IRQHandler
                0x00000000080006a4                EXTI2_IRQHandler
                0x00000000080006a4                TIM1_CC_IRQHandler
                0x00000000080006a4                PVD_IRQHandler
                0x00000000080006a4                EXTI3_IRQHandler
                0x00000000080006a4                EXTI0_IRQHandler
                0x00000000080006a4                I2C2_EV_IRQHandler
                0x00000000080006a4                ADC1_2_IRQHandler
                0x00000000080006a4                SPI1_IRQHandler
                0x00000000080006a4                TAMPER_IRQHandler
                0x00000000080006a4                DMA1_Channel4_IRQHandler
                0x00000000080006a4                RTC_IRQHandler
                0x00000000080006a4                DMA1_Channel7_IRQHandler
                0x00000000080006a4                CAN1_RX1_IRQHandler
                0x00000000080006a4                TIM4_IRQHandler
                0x00000000080006a4                I2C1_EV_IRQHandler
                0x00000000080006a4                DMA1_Channel6_IRQHandler
                0x00000000080006a4                TIM3_IRQHandler
                0x00000000080006a4                TIM1_TRG_COM_IRQHandler
                0x00000000080006a4                DMA1_Channel1_IRQHandler
                0x00000000080006a4                Default_Handler
                0x00000000080006a4                EXTI15_10_IRQHandler
                0x00000000080006a4                EXTI9_5_IRQHandler
                0x00000000080006a4                SPI2_IRQHandler
                0x00000000080006a4                DMA1_Channel5_IRQHandler
                0x00000000080006a4                EXTI4_IRQHandler
                0x00000000080006a4                USB_HP_CAN1_TX_IRQHandler
                0x00000000080006a4                DMA1_Channel3_IRQHandler
                0x00000000080006a4                TIM1_UP_IRQHandler
                0x00000000080006a4                WWDG_IRQHandler
                0x00000000080006a4                TIM2_IRQHandler
                0x00000000080006a4                TIM1_BRK_IRQHandler
                0x00000000080006a4                EXTI1_IRQHandler
                0x00000000080006a4                USART2_IRQHandler
                0x00000000080006a4                I2C2_ER_IRQHandler
                0x00000000080006a4                DMA1_Channel2_IRQHandler
                0x00000000080006a4                CAN1_SCE_IRQHandler
                0x00000000080006a4                FLASH_IRQHandler
                0x00000000080006a4                USART1_IRQHandler
                0x00000000080006a4                I2C1_ER_IRQHandler
                0x00000000080006a4                USBWakeUp_IRQHandler
 *fill*         0x00000000080006a6        0x2 
 .text.HAL_Init
                0x00000000080006a8       0x2c Drivers/STM32F1xx_HAL_Driver/Src/stm32f1xx_hal.o
                0x00000000080006a8                HAL_Init
 .text.HAL_InitTick
                0x00000000080006d4       0x60 Drivers/STM32F1xx_HAL_Driver/Src/stm32f1xx_hal.o
                0x00000000080006d4                HAL_InitTick
 .text.HAL_IncTick
                0x0000000008000734       0x24 Drivers/STM32F1xx_HAL_Driver/Src/stm32f1xx_hal.o
                0x0000000008000734                HAL_IncTick
 .text.HAL_GetTick
                0x0000000008000758       0x14 Drivers/STM32F1xx_HAL_Driver/Src/stm32f1xx_hal.o
                0x0000000008000758                HAL_GetTick
 .text.HAL_Delay
                0x000000000800076c       0x44 Drivers/STM32F1xx_HAL_Driver/Src/stm32f1xx_hal.o
                0x000000000800076c                HAL_Delay
 .text.__NVIC_SetPriorityGrouping
                0x00000000080007b0       0x48 Drivers/STM32F1xx_HAL_Driver/Src/stm32f1xx_hal_cortex.o
 .text.__NVIC_GetPriorityGrouping
                0x00000000080007f8       0x1c Drivers/STM32F1xx_HAL_Driver/Src/stm32f1xx_hal_cortex.o
 .text.__NVIC_EnableIRQ
                0x0000000008000814       0x38 Drivers/STM32F1xx_HAL_Driver/Src/stm32f1xx_hal_cortex.o
 .text.__NVIC_SetPriority
                0x000000000800084c       0x54 Drivers/STM32F1xx_HAL_Driver/Src/stm32f1xx_hal_cortex.o
 .text.NVIC_EncodePriority
                0x00000000080008a0       0x64 Drivers/STM32F1xx_HAL_Driver/Src/stm32f1xx_hal_cortex.o
 .text.SysTick_Config
                0x0000000008000904       0x44 Drivers/STM32F1xx_HAL_Driver/Src/stm32f1xx_hal_cortex.o
 .text.HAL_NVIC_SetPriorityGrouping
                0x0000000008000948       0x16 Drivers/STM32F1xx_HAL_Driver/Src/stm32f1xx_hal_cortex.o
                0x0000000008000948                HAL_NVIC_SetPriorityGrouping
 .text.HAL_NVIC_SetPriority
                0x000000000800095e       0x38 Drivers/STM32F1xx_HAL_Driver/Src/stm32f1xx_hal_cortex.o
                0x000000000800095e                HAL_NVIC_SetPriority
 .text.HAL_NVIC_EnableIRQ
                0x0000000008000996       0x1c Drivers/STM32F1xx_HAL_Driver/Src/stm32f1xx_hal_cortex.o
                0x0000000008000996                HAL_NVIC_EnableIRQ
 .text.HAL_SYSTICK_Config
                0x00000000080009b2       0x18 Drivers/STM32F1xx_HAL_Driver/Src/stm32f1xx_hal_cortex.o
                0x00000000080009b2                HAL_SYSTICK_Config
 *fill*         0x00000000080009ca        0x2 
 .text.HAL_DMA_Abort_IT
                0x00000000080009cc       0xec Drivers/STM32F1xx_HAL_Driver/Src/stm32f1xx_hal_dma.o
                0x00000000080009cc                HAL_DMA_Abort_IT
 .text.HAL_GPIO_Init
                0x0000000008000ab8      0x2b4 Drivers/STM32F1xx_HAL_Driver/Src/stm32f1xx_hal_gpio.o
                0x0000000008000ab8                HAL_GPIO_Init
 .text.HAL_GPIO_WritePin
                0x0000000008000d6c       0x30 Drivers/STM32F1xx_HAL_Driver/Src/stm32f1xx_hal_gpio.o
                0x0000000008000d6c                HAL_GPIO_WritePin
 .text.HAL_PCD_Init
                0x0000000008000d9c      0x1c2 Drivers/STM32F1xx_HAL_Driver/Src/stm32f1xx_hal_pcd.o
                0x0000000008000d9c                HAL_PCD_Init
 .text.HAL_PCD_Start
                0x0000000008000f5e       0x4c Drivers/STM32F1xx_HAL_Driver/Src/stm32f1xx_hal_pcd.o
                0x0000000008000f5e                HAL_PCD_Start
 .text.HAL_PCD_IRQHandler
                0x0000000008000faa      0x21c Drivers/STM32F1xx_HAL_Driver/Src/stm32f1xx_hal_pcd.o
                0x0000000008000faa                HAL_PCD_IRQHandler
 .text.HAL_PCD_SetAddress
                0x00000000080011c6       0x4a Drivers/STM32F1xx_HAL_Driver/Src/stm32f1xx_hal_pcd.o
                0x00000000080011c6                HAL_PCD_SetAddress
 .text.HAL_PCD_EP_Open
                0x0000000008001210       0xc0 Drivers/STM32F1xx_HAL_Driver/Src/stm32f1xx_hal_pcd.o
                0x0000000008001210                HAL_PCD_EP_Open
 .text.HAL_PCD_EP_Close
                0x00000000080012d0       0x84 Drivers/STM32F1xx_HAL_Driver/Src/stm32f1xx_hal_pcd.o
                0x00000000080012d0                HAL_PCD_EP_Close
 .text.HAL_PCD_EP_Receive
                0x0000000008001354       0x74 Drivers/STM32F1xx_HAL_Driver/Src/stm32f1xx_hal_pcd.o
                0x0000000008001354                HAL_PCD_EP_Receive
 .text.HAL_PCD_EP_GetRxCount
                0x00000000080013c8       0x28 Drivers/STM32F1xx_HAL_Driver/Src/stm32f1xx_hal_pcd.o
                0x00000000080013c8                HAL_PCD_EP_GetRxCount
 .text.HAL_PCD_EP_Transmit
                0x00000000080013f0       0x72 Drivers/STM32F1xx_HAL_Driver/Src/stm32f1xx_hal_pcd.o
                0x00000000080013f0                HAL_PCD_EP_Transmit
 .text.HAL_PCD_EP_SetStall
                0x0000000008001462       0xb4 Drivers/STM32F1xx_HAL_Driver/Src/stm32f1xx_hal_pcd.o
                0x0000000008001462                HAL_PCD_EP_SetStall
 .text.HAL_PCD_EP_ClrStall
                0x0000000008001516       0x9c Drivers/STM32F1xx_HAL_Driver/Src/stm32f1xx_hal_pcd.o
                0x0000000008001516                HAL_PCD_EP_ClrStall
 *fill*         0x00000000080015b2        0x2 
 .text.PCD_EP_ISR_Handler
                0x00000000080015b4      0x534 Drivers/STM32F1xx_HAL_Driver/Src/stm32f1xx_hal_pcd.o
 .text.HAL_PCDEx_PMAConfig
                0x0000000008001ae8       0x78 Drivers/STM32F1xx_HAL_Driver/Src/stm32f1xx_hal_pcd_ex.o
                0x0000000008001ae8                HAL_PCDEx_PMAConfig
 .text.HAL_RCC_OscConfig
                0x0000000008001b60      0x500 Drivers/STM32F1xx_HAL_Driver/Src/stm32f1xx_hal_rcc.o
                0x0000000008001b60                HAL_RCC_OscConfig
 .text.HAL_RCC_ClockConfig
                0x0000000008002060      0x1d4 Drivers/STM32F1xx_HAL_Driver/Src/stm32f1xx_hal_rcc.o
                0x0000000008002060                HAL_RCC_ClockConfig
 .text.HAL_RCC_GetSysClockFreq
                0x0000000008002234       0xc4 Drivers/STM32F1xx_HAL_Driver/Src/stm32f1xx_hal_rcc.o
                0x0000000008002234                HAL_RCC_GetSysClockFreq
 .text.HAL_RCC_GetHCLKFreq
                0x00000000080022f8       0x14 Drivers/STM32F1xx_HAL_Driver/Src/stm32f1xx_hal_rcc.o
                0x00000000080022f8                HAL_RCC_GetHCLKFreq
 .text.HAL_RCC_GetPCLK1Freq
                0x000000000800230c       0x28 Drivers/STM32F1xx_HAL_Driver/Src/stm32f1xx_hal_rcc.o
                0x000000000800230c                HAL_RCC_GetPCLK1Freq
 .text.HAL_RCC_GetPCLK2Freq
                0x0000000008002334       0x28 Drivers/STM32F1xx_HAL_Driver/Src/stm32f1xx_hal_rcc.o
                0x0000000008002334                HAL_RCC_GetPCLK2Freq
 .text.RCC_Delay
                0x000000000800235c       0x3c Drivers/STM32F1xx_HAL_Driver/Src/stm32f1xx_hal_rcc.o
 .text.HAL_RCCEx_PeriphCLKConfig
                0x0000000008002398      0x16c Drivers/STM32F1xx_HAL_Driver/Src/stm32f1xx_hal_rcc_ex.o
                0x0000000008002398                HAL_RCCEx_PeriphCLKConfig
 .text.HAL_UART_Init
                0x0000000008002504       0x9a Drivers/STM32F1xx_HAL_Driver/Src/stm32f1xx_hal_uart.o
                0x0000000008002504                HAL_UART_Init
 *fill*         0x000000000800259e        0x2 
 .text.HAL_UART_IRQHandler
                0x00000000080025a0      0x1f8 Drivers/STM32F1xx_HAL_Driver/Src/stm32f1xx_hal_uart.o
                0x00000000080025a0                HAL_UART_IRQHandler
 .text.HAL_UART_TxCpltCallback
                0x0000000008002798       0x12 Drivers/STM32F1xx_HAL_Driver/Src/stm32f1xx_hal_uart.o
                0x0000000008002798                HAL_UART_TxCpltCallback
 .text.HAL_UART_RxCpltCallback
                0x00000000080027aa       0x12 Drivers/STM32F1xx_HAL_Driver/Src/stm32f1xx_hal_uart.o
                0x00000000080027aa                HAL_UART_RxCpltCallback
 .text.HAL_UART_ErrorCallback
                0x00000000080027bc       0x12 Drivers/STM32F1xx_HAL_Driver/Src/stm32f1xx_hal_uart.o
                0x00000000080027bc                HAL_UART_ErrorCallback
 .text.UART_EndRxTransfer
                0x00000000080027ce       0x3a Drivers/STM32F1xx_HAL_Driver/Src/stm32f1xx_hal_uart.o
 .text.UART_DMAAbortOnError
                0x0000000008002808       0x28 Drivers/STM32F1xx_HAL_Driver/Src/stm32f1xx_hal_uart.o
 .text.UART_Transmit_IT
                0x0000000008002830       0xaa Drivers/STM32F1xx_HAL_Driver/Src/stm32f1xx_hal_uart.o
 .text.UART_EndTransmit_IT
                0x00000000080028da       0x30 Drivers/STM32F1xx_HAL_Driver/Src/stm32f1xx_hal_uart.o
 .text.UART_Receive_IT
                0x000000000800290a      0x102 Drivers/STM32F1xx_HAL_Driver/Src/stm32f1xx_hal_uart.o
 .text.UART_SetConfig
                0x0000000008002a0c      0x1b4 Drivers/STM32F1xx_HAL_Driver/Src/stm32f1xx_hal_uart.o
 .text.USB_CoreInit
                0x0000000008002bc0       0x20 Drivers/STM32F1xx_HAL_Driver/Src/stm32f1xx_ll_usb.o
                0x0000000008002bc0                USB_CoreInit
 .text.USB_EnableGlobalInt
                0x0000000008002be0       0x2e Drivers/STM32F1xx_HAL_Driver/Src/stm32f1xx_ll_usb.o
                0x0000000008002be0                USB_EnableGlobalInt
 .text.USB_DisableGlobalInt
                0x0000000008002c0e       0x38 Drivers/STM32F1xx_HAL_Driver/Src/stm32f1xx_ll_usb.o
                0x0000000008002c0e                USB_DisableGlobalInt
 .text.USB_SetCurrentMode
                0x0000000008002c46       0x18 Drivers/STM32F1xx_HAL_Driver/Src/stm32f1xx_ll_usb.o
                0x0000000008002c46                USB_SetCurrentMode
 .text.USB_DevInit
                0x0000000008002c5e       0x48 Drivers/STM32F1xx_HAL_Driver/Src/stm32f1xx_ll_usb.o
                0x0000000008002c5e                USB_DevInit
 *fill*         0x0000000008002ca6        0x2 
 .text.USB_ActivateEndpoint
                0x0000000008002ca8      0x5dc Drivers/STM32F1xx_HAL_Driver/Src/stm32f1xx_ll_usb.o
                0x0000000008002ca8                USB_ActivateEndpoint
 .text.USB_DeactivateEndpoint
                0x0000000008003284      0x32c Drivers/STM32F1xx_HAL_Driver/Src/stm32f1xx_ll_usb.o
                0x0000000008003284                USB_DeactivateEndpoint
 .text.USB_EPStartXfer
                0x00000000080035b0      0x570 Drivers/STM32F1xx_HAL_Driver/Src/stm32f1xx_ll_usb.o
                0x00000000080035b0                USB_EPStartXfer
 .text.USB_EPSetStall
                0x0000000008003b20       0x84 Drivers/STM32F1xx_HAL_Driver/Src/stm32f1xx_ll_usb.o
                0x0000000008003b20                USB_EPSetStall
 .text.USB_EPClearStall
                0x0000000008003ba4      0x128 Drivers/STM32F1xx_HAL_Driver/Src/stm32f1xx_ll_usb.o
                0x0000000008003ba4                USB_EPClearStall
 .text.USB_SetDevAddress
                0x0000000008003ccc       0x26 Drivers/STM32F1xx_HAL_Driver/Src/stm32f1xx_ll_usb.o
                0x0000000008003ccc                USB_SetDevAddress
 .text.USB_DevConnect
                0x0000000008003cf2       0x14 Drivers/STM32F1xx_HAL_Driver/Src/stm32f1xx_ll_usb.o
                0x0000000008003cf2                USB_DevConnect
 .text.USB_DevDisconnect
                0x0000000008003d06       0x14 Drivers/STM32F1xx_HAL_Driver/Src/stm32f1xx_ll_usb.o
                0x0000000008003d06                USB_DevDisconnect
 .text.USB_ReadInterrupts
                0x0000000008003d1a       0x1e Drivers/STM32F1xx_HAL_Driver/Src/stm32f1xx_ll_usb.o
                0x0000000008003d1a                USB_ReadInterrupts
 .text.USB_EP0_OutStart
                0x0000000008003d38       0x16 Drivers/STM32F1xx_HAL_Driver/Src/stm32f1xx_ll_usb.o
                0x0000000008003d38                USB_EP0_OutStart
 .text.USB_WritePMA
                0x0000000008003d4e       0x88 Drivers/STM32F1xx_HAL_Driver/Src/stm32f1xx_ll_usb.o
                0x0000000008003d4e                USB_WritePMA
 .text.USB_ReadPMA
                0x0000000008003dd6       0x9e Drivers/STM32F1xx_HAL_Driver/Src/stm32f1xx_ll_usb.o
                0x0000000008003dd6                USB_ReadPMA
 .text.USBD_CDC_Init
                0x0000000008003e74       0xf4 Middlewares/ST/STM32_USB_Device_Library/Class/CDC/Src/usbd_cdc.o
 .text.USBD_CDC_DeInit
                0x0000000008003f68       0x6e Middlewares/ST/STM32_USB_Device_Library/Class/CDC/Src/usbd_cdc.o
 .text.USBD_CDC_Setup
                0x0000000008003fd6      0x140 Middlewares/ST/STM32_USB_Device_Library/Class/CDC/Src/usbd_cdc.o
 .text.USBD_CDC_DataIn
                0x0000000008004116       0xa0 Middlewares/ST/STM32_USB_Device_Library/Class/CDC/Src/usbd_cdc.o
 .text.USBD_CDC_DataOut
                0x00000000080041b6       0x56 Middlewares/ST/STM32_USB_Device_Library/Class/CDC/Src/usbd_cdc.o
 .text.USBD_CDC_EP0_RxReady
                0x000000000800420c       0x50 Middlewares/ST/STM32_USB_Device_Library/Class/CDC/Src/usbd_cdc.o
 .text.USBD_CDC_GetFSCfgDesc
                0x000000000800425c       0x20 Middlewares/ST/STM32_USB_Device_Library/Class/CDC/Src/usbd_cdc.o
 .text.USBD_CDC_GetHSCfgDesc
                0x000000000800427c       0x20 Middlewares/ST/STM32_USB_Device_Library/Class/CDC/Src/usbd_cdc.o
 .text.USBD_CDC_GetOtherSpeedCfgDesc
                0x000000000800429c       0x20 Middlewares/ST/STM32_USB_Device_Library/Class/CDC/Src/usbd_cdc.o
 .text.USBD_CDC_GetDeviceQualifierDescriptor
                0x00000000080042bc       0x20 Middlewares/ST/STM32_USB_Device_Library/Class/CDC/Src/usbd_cdc.o
                0x00000000080042bc                USBD_CDC_GetDeviceQualifierDescriptor
 .text.USBD_CDC_RegisterInterface
                0x00000000080042dc       0x2c Middlewares/ST/STM32_USB_Device_Library/Class/CDC/Src/usbd_cdc.o
                0x00000000080042dc                USBD_CDC_RegisterInterface
 .text.USBD_CDC_SetTxBuffer
                0x0000000008004308       0x32 Middlewares/ST/STM32_USB_Device_Library/Class/CDC/Src/usbd_cdc.o
                0x0000000008004308                USBD_CDC_SetTxBuffer
 .text.USBD_CDC_SetRxBuffer
                0x000000000800433a       0x26 Middlewares/ST/STM32_USB_Device_Library/Class/CDC/Src/usbd_cdc.o
                0x000000000800433a                USBD_CDC_SetRxBuffer
 .text.USBD_CDC_TransmitPacket
                0x0000000008004360       0x5e Middlewares/ST/STM32_USB_Device_Library/Class/CDC/Src/usbd_cdc.o
                0x0000000008004360                USBD_CDC_TransmitPacket
 .text.USBD_CDC_ReceivePacket
                0x00000000080043be       0x54 Middlewares/ST/STM32_USB_Device_Library/Class/CDC/Src/usbd_cdc.o
                0x00000000080043be                USBD_CDC_ReceivePacket
 .text.USBD_Init
                0x0000000008004412       0x56 Middlewares/ST/STM32_USB_Device_Library/Core/Src/usbd_core.o
                0x0000000008004412                USBD_Init
 .text.USBD_RegisterClass
                0x0000000008004468       0x32 Middlewares/ST/STM32_USB_Device_Library/Core/Src/usbd_core.o
                0x0000000008004468                USBD_RegisterClass
 .text.USBD_Start
                0x000000000800449a       0x18 Middlewares/ST/STM32_USB_Device_Library/Core/Src/usbd_core.o
                0x000000000800449a                USBD_Start
 .text.USBD_RunTestMode
                0x00000000080044b2       0x14 Middlewares/ST/STM32_USB_Device_Library/Core/Src/usbd_core.o
                0x00000000080044b2                USBD_RunTestMode
 .text.USBD_SetClassConfig
                0x00000000080044c6       0x3e Middlewares/ST/STM32_USB_Device_Library/Core/Src/usbd_core.o
                0x00000000080044c6                USBD_SetClassConfig
 .text.USBD_ClrClassConfig
                0x0000000008004504       0x26 Middlewares/ST/STM32_USB_Device_Library/Core/Src/usbd_core.o
                0x0000000008004504                USBD_ClrClassConfig
 .text.USBD_LL_SetupStage
                0x000000000800452a       0x96 Middlewares/ST/STM32_USB_Device_Library/Core/Src/usbd_core.o
                0x000000000800452a                USBD_LL_SetupStage
 .text.USBD_LL_DataOutStage
                0x00000000080045c0       0xe2 Middlewares/ST/STM32_USB_Device_Library/Core/Src/usbd_core.o
                0x00000000080045c0                USBD_LL_DataOutStage
 .text.USBD_LL_DataInStage
                0x00000000080046a2      0x14a Middlewares/ST/STM32_USB_Device_Library/Core/Src/usbd_core.o
                0x00000000080046a2                USBD_LL_DataInStage
 .text.USBD_LL_Reset
                0x00000000080047ec       0x82 Middlewares/ST/STM32_USB_Device_Library/Core/Src/usbd_core.o
                0x00000000080047ec                USBD_LL_Reset
 .text.USBD_LL_SetSpeed
                0x000000000800486e       0x1e Middlewares/ST/STM32_USB_Device_Library/Core/Src/usbd_core.o
                0x000000000800486e                USBD_LL_SetSpeed
 .text.USBD_LL_Suspend
                0x000000000800488c       0x28 Middlewares/ST/STM32_USB_Device_Library/Core/Src/usbd_core.o
                0x000000000800488c                USBD_LL_Suspend
 .text.USBD_LL_Resume
                0x00000000080048b4       0x2a Middlewares/ST/STM32_USB_Device_Library/Core/Src/usbd_core.o
                0x00000000080048b4                USBD_LL_Resume
 .text.USBD_LL_SOF
                0x00000000080048de       0x34 Middlewares/ST/STM32_USB_Device_Library/Core/Src/usbd_core.o
                0x00000000080048de                USBD_LL_SOF
 *fill*         0x0000000008004912        0x2 
 .text.USBD_StdDevReq
                0x0000000008004914       0xd4 Middlewares/ST/STM32_USB_Device_Library/Core/Src/usbd_ctlreq.o
                0x0000000008004914                USBD_StdDevReq
 .text.USBD_StdItfReq
                0x00000000080049e8       0x8c Middlewares/ST/STM32_USB_Device_Library/Core/Src/usbd_ctlreq.o
                0x00000000080049e8                USBD_StdItfReq
 .text.USBD_StdEPReq
                0x0000000008004a74      0x2ba Middlewares/ST/STM32_USB_Device_Library/Core/Src/usbd_ctlreq.o
                0x0000000008004a74                USBD_StdEPReq
 *fill*         0x0000000008004d2e        0x2 
 .text.USBD_GetDescriptor
                0x0000000008004d30      0x2d0 Middlewares/ST/STM32_USB_Device_Library/Core/Src/usbd_ctlreq.o
 .text.USBD_SetAddress
                0x0000000008005000       0x84 Middlewares/ST/STM32_USB_Device_Library/Core/Src/usbd_ctlreq.o
 .text.USBD_SetConfig
                0x0000000008005084      0x11c Middlewares/ST/STM32_USB_Device_Library/Core/Src/usbd_ctlreq.o
 .text.USBD_GetConfig
                0x00000000080051a0       0x68 Middlewares/ST/STM32_USB_Device_Library/Core/Src/usbd_ctlreq.o
 .text.USBD_GetStatus
                0x0000000008005208       0x66 Middlewares/ST/STM32_USB_Device_Library/Core/Src/usbd_ctlreq.o
 .text.USBD_SetFeature
                0x000000000800526e       0x28 Middlewares/ST/STM32_USB_Device_Library/Core/Src/usbd_ctlreq.o
 .text.USBD_ClrFeature
                0x0000000008005296       0x42 Middlewares/ST/STM32_USB_Device_Library/Core/Src/usbd_ctlreq.o
 .text.USBD_ParseSetupRequest
                0x00000000080052d8       0x78 Middlewares/ST/STM32_USB_Device_Library/Core/Src/usbd_ctlreq.o
                0x00000000080052d8                USBD_ParseSetupRequest
 .text.USBD_CtlError
                0x0000000008005350       0x22 Middlewares/ST/STM32_USB_Device_Library/Core/Src/usbd_ctlreq.o
                0x0000000008005350                USBD_CtlError
 .text.USBD_GetString
                0x0000000008005372       0x84 Middlewares/ST/STM32_USB_Device_Library/Core/Src/usbd_ctlreq.o
                0x0000000008005372                USBD_GetString
 .text.USBD_GetLen
                0x00000000080053f6       0x2e Middlewares/ST/STM32_USB_Device_Library/Core/Src/usbd_ctlreq.o
 .text.USBD_CtlSendData
                0x0000000008005424       0x38 Middlewares/ST/STM32_USB_Device_Library/Core/Src/usbd_ioreq.o
                0x0000000008005424                USBD_CtlSendData
 .text.USBD_CtlContinueSendData
                0x000000000800545c       0x24 Middlewares/ST/STM32_USB_Device_Library/Core/Src/usbd_ioreq.o
                0x000000000800545c                USBD_CtlContinueSendData
 .text.USBD_CtlPrepareRx
                0x0000000008005480       0x3c Middlewares/ST/STM32_USB_Device_Library/Core/Src/usbd_ioreq.o
                0x0000000008005480                USBD_CtlPrepareRx
 .text.USBD_CtlContinueRx
                0x00000000080054bc       0x24 Middlewares/ST/STM32_USB_Device_Library/Core/Src/usbd_ioreq.o
                0x00000000080054bc                USBD_CtlContinueRx
 .text.USBD_CtlSendStatus
                0x00000000080054e0       0x26 Middlewares/ST/STM32_USB_Device_Library/Core/Src/usbd_ioreq.o
                0x00000000080054e0                USBD_CtlSendStatus
 .text.USBD_CtlReceiveStatus
                0x0000000008005506       0x26 Middlewares/ST/STM32_USB_Device_Library/Core/Src/usbd_ioreq.o
                0x0000000008005506                USBD_CtlReceiveStatus
 .text.MX_USB_DEVICE_Init
                0x000000000800552c       0x60 USB_DEVICE/App/usb_device.o
                0x000000000800552c                MX_USB_DEVICE_Init
 .text.CDC_Init_FS
                0x000000000800558c       0x28 USB_DEVICE/App/usbd_cdc_if.o
 .text.CDC_DeInit_FS
                0x00000000080055b4        0xe USB_DEVICE/App/usbd_cdc_if.o
 *fill*         0x00000000080055c2        0x2 
 .text.CDC_Control_FS
                0x00000000080055c4       0xbc USB_DEVICE/App/usbd_cdc_if.o
 .text.CDC_Receive_FS
                0x0000000008005680       0x34 USB_DEVICE/App/usbd_cdc_if.o
 .text.CDC_Transmit_FS
                0x00000000080056b4       0x4c USB_DEVICE/App/usbd_cdc_if.o
                0x00000000080056b4                CDC_Transmit_FS
 .text.USBD_FS_DeviceDescriptor
                0x0000000008005700       0x24 USB_DEVICE/App/usbd_desc.o
                0x0000000008005700                USBD_FS_DeviceDescriptor
 .text.USBD_FS_LangIDStrDescriptor
                0x0000000008005724       0x24 USB_DEVICE/App/usbd_desc.o
                0x0000000008005724                USBD_FS_LangIDStrDescriptor
 .text.USBD_FS_ProductStrDescriptor
                0x0000000008005748       0x3c USB_DEVICE/App/usbd_desc.o
                0x0000000008005748                USBD_FS_ProductStrDescriptor
 .text.USBD_FS_ManufacturerStrDescriptor
                0x0000000008005784       0x28 USB_DEVICE/App/usbd_desc.o
                0x0000000008005784                USBD_FS_ManufacturerStrDescriptor
 .text.USBD_FS_SerialStrDescriptor
                0x00000000080057ac       0x24 USB_DEVICE/App/usbd_desc.o
                0x00000000080057ac                USBD_FS_SerialStrDescriptor
 .text.USBD_FS_ConfigStrDescriptor
                0x00000000080057d0       0x3c USB_DEVICE/App/usbd_desc.o
                0x00000000080057d0                USBD_FS_ConfigStrDescriptor
 .text.USBD_FS_InterfaceStrDescriptor
                0x000000000800580c       0x3c USB_DEVICE/App/usbd_desc.o
                0x000000000800580c                USBD_FS_InterfaceStrDescriptor
 .text.Get_SerialNum
                0x0000000008005848       0x58 USB_DEVICE/App/usbd_desc.o
 .text.IntToUnicode
                0x00000000080058a0       0x7a USB_DEVICE/App/usbd_desc.o
 *fill*         0x000000000800591a        0x2 
 .text.HAL_PCD_MspInit
                0x000000000800591c       0x3c USB_DEVICE/Target/usbd_conf.o
                0x000000000800591c                HAL_PCD_MspInit
 .text.HAL_PCD_SetupStageCallback
                0x0000000008005958       0x24 USB_DEVICE/Target/usbd_conf.o
                0x0000000008005958                HAL_PCD_SetupStageCallback
 .text.HAL_PCD_DataOutStageCallback
                0x000000000800597c       0x30 USB_DEVICE/Target/usbd_conf.o
                0x000000000800597c                HAL_PCD_DataOutStageCallback
 .text.HAL_PCD_DataInStageCallback
                0x00000000080059ac       0x2e USB_DEVICE/Target/usbd_conf.o
                0x00000000080059ac                HAL_PCD_DataInStageCallback
 .text.HAL_PCD_SOFCallback
                0x00000000080059da       0x1c USB_DEVICE/Target/usbd_conf.o
                0x00000000080059da                HAL_PCD_SOFCallback
 .text.HAL_PCD_ResetCallback
                0x00000000080059f6       0x3c USB_DEVICE/Target/usbd_conf.o
                0x00000000080059f6                HAL_PCD_ResetCallback
 *fill*         0x0000000008005a32        0x2 
 .text.HAL_PCD_SuspendCallback
                0x0000000008005a34       0x34 USB_DEVICE/Target/usbd_conf.o
                0x0000000008005a34                HAL_PCD_SuspendCallback
 .text.HAL_PCD_ResumeCallback
                0x0000000008005a68       0x1c USB_DEVICE/Target/usbd_conf.o
                0x0000000008005a68                HAL_PCD_ResumeCallback
 .text.USBD_LL_Init
                0x0000000008005a84       0xb4 USB_DEVICE/Target/usbd_conf.o
                0x0000000008005a84                USBD_LL_Init
 .text.USBD_LL_Start
                0x0000000008005b38       0x36 USB_DEVICE/Target/usbd_conf.o
                0x0000000008005b38                USBD_LL_Start
 .text.USBD_LL_OpenEP
                0x0000000008005b6e       0x4c USB_DEVICE/Target/usbd_conf.o
                0x0000000008005b6e                USBD_LL_OpenEP
 .text.USBD_LL_CloseEP
                0x0000000008005bba       0x3e USB_DEVICE/Target/usbd_conf.o
                0x0000000008005bba                USBD_LL_CloseEP
 .text.USBD_LL_StallEP
                0x0000000008005bf8       0x3e USB_DEVICE/Target/usbd_conf.o
                0x0000000008005bf8                USBD_LL_StallEP
 .text.USBD_LL_ClearStallEP
                0x0000000008005c36       0x3e USB_DEVICE/Target/usbd_conf.o
                0x0000000008005c36                USBD_LL_ClearStallEP
 .text.USBD_LL_IsStallEP
                0x0000000008005c74       0x4a USB_DEVICE/Target/usbd_conf.o
                0x0000000008005c74                USBD_LL_IsStallEP
 .text.USBD_LL_SetUSBAddress
                0x0000000008005cbe       0x3e USB_DEVICE/Target/usbd_conf.o
                0x0000000008005cbe                USBD_LL_SetUSBAddress
 .text.USBD_LL_Transmit
                0x0000000008005cfc       0x46 USB_DEVICE/Target/usbd_conf.o
                0x0000000008005cfc                USBD_LL_Transmit
 .text.USBD_LL_PrepareReceive
                0x0000000008005d42       0x46 USB_DEVICE/Target/usbd_conf.o
                0x0000000008005d42                USBD_LL_PrepareReceive
 .text.USBD_LL_GetRxDataSize
                0x0000000008005d88       0x26 USB_DEVICE/Target/usbd_conf.o
                0x0000000008005d88                USBD_LL_GetRxDataSize
 *fill*         0x0000000008005dae        0x2 
 .text.USBD_static_malloc
                0x0000000008005db0       0x18 USB_DEVICE/Target/usbd_conf.o
                0x0000000008005db0                USBD_static_malloc
 .text.USBD_static_free
                0x0000000008005dc8       0x12 USB_DEVICE/Target/usbd_conf.o
                0x0000000008005dc8                USBD_static_free
 .text.HAL_PCDEx_SetConnectionState
                0x0000000008005dda       0x16 USB_DEVICE/Target/usbd_conf.o
                0x0000000008005dda                HAL_PCDEx_SetConnectionState
 .text.USBD_Get_USB_Status
                0x0000000008005df0       0x58 USB_DEVICE/Target/usbd_conf.o
 .text.__libc_init_array
                0x0000000008005e48       0x48 c:/st/stm32cubeide_1.2.0/stm32cubeide/plugins/com.st.stm32cube.ide.mcu.externaltools.gnu-tools-for-stm32.7-2018-q2-update.win32_1.0.0.201904181610/tools/bin/../lib/gcc/arm-none-eabi/7.3.1/../../../../arm-none-eabi/lib/thumb/v7-m\libc_nano.a(lib_a-init.o)
                0x0000000008005e48                __libc_init_array
 .text.memset   0x0000000008005e90       0x10 c:/st/stm32cubeide_1.2.0/stm32cubeide/plugins/com.st.stm32cube.ide.mcu.externaltools.gnu-tools-for-stm32.7-2018-q2-update.win32_1.0.0.201904181610/tools/bin/../lib/gcc/arm-none-eabi/7.3.1/../../../../arm-none-eabi/lib/thumb/v7-m\libc_nano.a(lib_a-memset.o)
                0x0000000008005e90                memset
 *(.glue_7)
 .glue_7        0x0000000008005ea0        0x0 linker stubs
 *(.glue_7t)
 .glue_7t       0x0000000008005ea0        0x0 linker stubs
 *(.eh_frame)
 .eh_frame      0x0000000008005ea0        0x0 c:/st/stm32cubeide_1.2.0/stm32cubeide/plugins/com.st.stm32cube.ide.mcu.externaltools.gnu-tools-for-stm32.7-2018-q2-update.win32_1.0.0.201904181610/tools/bin/../lib/gcc/arm-none-eabi/7.3.1/thumb/v7-m/crtbegin.o
 *(.init)
 .init          0x0000000008005ea0        0x4 c:/st/stm32cubeide_1.2.0/stm32cubeide/plugins/com.st.stm32cube.ide.mcu.externaltools.gnu-tools-for-stm32.7-2018-q2-update.win32_1.0.0.201904181610/tools/bin/../lib/gcc/arm-none-eabi/7.3.1/thumb/v7-m/crti.o
                0x0000000008005ea0                _init
 .init          0x0000000008005ea4        0x8 c:/st/stm32cubeide_1.2.0/stm32cubeide/plugins/com.st.stm32cube.ide.mcu.externaltools.gnu-tools-for-stm32.7-2018-q2-update.win32_1.0.0.201904181610/tools/bin/../lib/gcc/arm-none-eabi/7.3.1/thumb/v7-m/crtn.o
 *(.fini)
 .fini          0x0000000008005eac        0x4 c:/st/stm32cubeide_1.2.0/stm32cubeide/plugins/com.st.stm32cube.ide.mcu.externaltools.gnu-tools-for-stm32.7-2018-q2-update.win32_1.0.0.201904181610/tools/bin/../lib/gcc/arm-none-eabi/7.3.1/thumb/v7-m/crti.o
                0x0000000008005eac                _fini
 .fini          0x0000000008005eb0        0x8 c:/st/stm32cubeide_1.2.0/stm32cubeide/plugins/com.st.stm32cube.ide.mcu.externaltools.gnu-tools-for-stm32.7-2018-q2-update.win32_1.0.0.201904181610/tools/bin/../lib/gcc/arm-none-eabi/7.3.1/thumb/v7-m/crtn.o
                0x0000000008005eb8                . = ALIGN (0x4)
                0x0000000008005eb8                _etext = .

.vfp11_veneer   0x0000000008005eb8        0x0
 .vfp11_veneer  0x0000000008005eb8        0x0 linker stubs

.v4_bx          0x0000000008005eb8        0x0
 .v4_bx         0x0000000008005eb8        0x0 linker stubs

.iplt           0x0000000008005eb8        0x0
 .iplt          0x0000000008005eb8        0x0 c:/st/stm32cubeide_1.2.0/stm32cubeide/plugins/com.st.stm32cube.ide.mcu.externaltools.gnu-tools-for-stm32.7-2018-q2-update.win32_1.0.0.201904181610/tools/bin/../lib/gcc/arm-none-eabi/7.3.1/thumb/v7-m/crtbegin.o

.rodata         0x0000000008005eb8      0x2cc
                0x0000000008005eb8                . = ALIGN (0x4)
 *(.rodata)
 .rodata        0x0000000008005eb8      0x258 Core/Src/main.o
 .rodata        0x0000000008006110       0x12 Drivers/STM32F1xx_HAL_Driver/Src/stm32f1xx_hal_rcc.o
 *fill*         0x0000000008006122        0x2 
 .rodata        0x0000000008006124       0x46 USB_DEVICE/App/usbd_desc.o
 *(.rodata*)
 *fill*         0x000000000800616a        0x2 
 .rodata.AHBPrescTable
                0x000000000800616c       0x10 Core/Src/system_stm32f1xx.o
                0x000000000800616c                AHBPrescTable
 .rodata.APBPrescTable
                0x000000000800617c        0x8 Core/Src/system_stm32f1xx.o
                0x000000000800617c                APBPrescTable
                0x0000000008006184                . = ALIGN (0x4)

.rel.dyn        0x0000000008006184        0x0
 .rel.iplt      0x0000000008006184        0x0 c:/st/stm32cubeide_1.2.0/stm32cubeide/plugins/com.st.stm32cube.ide.mcu.externaltools.gnu-tools-for-stm32.7-2018-q2-update.win32_1.0.0.201904181610/tools/bin/../lib/gcc/arm-none-eabi/7.3.1/thumb/v7-m/crtbegin.o

.ARM.extab      0x0000000008006184        0x0
                0x0000000008006184                . = ALIGN (0x4)
 *(.ARM.extab* .gnu.linkonce.armextab.*)
                0x0000000008006184                . = ALIGN (0x4)

.ARM            0x0000000008006184        0x0
                0x0000000008006184                . = ALIGN (0x4)
                0x0000000008006184                __exidx_start = .
 *(.ARM.exidx*)
                0x0000000008006184                __exidx_end = .
                0x0000000008006184                . = ALIGN (0x4)

.preinit_array  0x0000000008006184        0x0
                0x0000000008006184                . = ALIGN (0x4)
                0x0000000008006184                PROVIDE (__preinit_array_start = .)
 *(.preinit_array*)
                0x0000000008006184                PROVIDE (__preinit_array_end = .)
                0x0000000008006184                . = ALIGN (0x4)

.init_array     0x0000000008006184        0x4
                0x0000000008006184                . = ALIGN (0x4)
                0x0000000008006184                PROVIDE (__init_array_start = .)
 *(SORT_BY_NAME(.init_array.*))
 *(.init_array*)
 .init_array    0x0000000008006184        0x4 c:/st/stm32cubeide_1.2.0/stm32cubeide/plugins/com.st.stm32cube.ide.mcu.externaltools.gnu-tools-for-stm32.7-2018-q2-update.win32_1.0.0.201904181610/tools/bin/../lib/gcc/arm-none-eabi/7.3.1/thumb/v7-m/crtbegin.o
                0x0000000008006188                PROVIDE (__init_array_end = .)
                0x0000000008006188                . = ALIGN (0x4)

.fini_array     0x0000000008006188        0x4
                0x0000000008006188                . = ALIGN (0x4)
                [!provide]                        PROVIDE (__fini_array_start = .)
 *(SORT_BY_NAME(.fini_array.*))
 *(.fini_array*)
 .fini_array    0x0000000008006188        0x4 c:/st/stm32cubeide_1.2.0/stm32cubeide/plugins/com.st.stm32cube.ide.mcu.externaltools.gnu-tools-for-stm32.7-2018-q2-update.win32_1.0.0.201904181610/tools/bin/../lib/gcc/arm-none-eabi/7.3.1/thumb/v7-m/crtbegin.o
                [!provide]                        PROVIDE (__fini_array_end = .)
                0x000000000800618c                . = ALIGN (0x4)
                0x000000000800618c                _sidata = LOADADDR (.data)

.data           0x0000000020000000      0x17c load address 0x000000000800618c
                0x0000000020000000                . = ALIGN (0x4)
                0x0000000020000000                _sdata = .
 *(.data)
 *(.data*)
 .data.SystemCoreClock
                0x0000000020000000        0x4 Core/Src/system_stm32f1xx.o
                0x0000000020000000                SystemCoreClock
 .data.uwTickPrio
                0x0000000020000004        0x4 Drivers/STM32F1xx_HAL_Driver/Src/stm32f1xx_hal.o
                0x0000000020000004                uwTickPrio
 .data.uwTickFreq
                0x0000000020000008        0x1 Drivers/STM32F1xx_HAL_Driver/Src/stm32f1xx_hal.o
                0x0000000020000008                uwTickFreq
 *fill*         0x0000000020000009        0x3 
 .data.USBD_CDC_DeviceQualifierDesc
                0x000000002000000c        0xa Middlewares/ST/STM32_USB_Device_Library/Class/CDC/Src/usbd_cdc.o
 *fill*         0x0000000020000016        0x2 
 .data.USBD_CDC
                0x0000000020000018       0x38 Middlewares/ST/STM32_USB_Device_Library/Class/CDC/Src/usbd_cdc.o
                0x0000000020000018                USBD_CDC
 .data.USBD_CDC_CfgHSDesc
                0x0000000020000050       0x43 Middlewares/ST/STM32_USB_Device_Library/Class/CDC/Src/usbd_cdc.o
                0x0000000020000050                USBD_CDC_CfgHSDesc
 *fill*         0x0000000020000093        0x1 
 .data.USBD_CDC_CfgFSDesc
                0x0000000020000094       0x43 Middlewares/ST/STM32_USB_Device_Library/Class/CDC/Src/usbd_cdc.o
                0x0000000020000094                USBD_CDC_CfgFSDesc
 *fill*         0x00000000200000d7        0x1 
 .data.USBD_CDC_OtherSpeedCfgDesc
                0x00000000200000d8       0x43 Middlewares/ST/STM32_USB_Device_Library/Class/CDC/Src/usbd_cdc.o
                0x00000000200000d8                USBD_CDC_OtherSpeedCfgDesc
 *fill*         0x000000002000011b        0x1 
 .data.USBD_Interface_fops_FS
                0x000000002000011c       0x10 USB_DEVICE/App/usbd_cdc_if.o
                0x000000002000011c                USBD_Interface_fops_FS
 .data.FS_Desc  0x000000002000012c       0x1c USB_DEVICE/App/usbd_desc.o
                0x000000002000012c                FS_Desc
 .data.USBD_FS_DeviceDesc
                0x0000000020000148       0x12 USB_DEVICE/App/usbd_desc.o
                0x0000000020000148                USBD_FS_DeviceDesc
 *fill*         0x000000002000015a        0x2 
 .data.USBD_LangIDDesc
                0x000000002000015c        0x4 USB_DEVICE/App/usbd_desc.o
                0x000000002000015c                USBD_LangIDDesc
 .data.USBD_StringSerial
                0x0000000020000160       0x1a USB_DEVICE/App/usbd_desc.o
                0x0000000020000160                USBD_StringSerial
                0x000000002000017c                . = ALIGN (0x4)
 *fill*         0x000000002000017a        0x2 
                0x000000002000017c                _edata = .

.igot.plt       0x000000002000017c        0x0 load address 0x0000000008006308
 .igot.plt      0x000000002000017c        0x0 c:/st/stm32cubeide_1.2.0/stm32cubeide/plugins/com.st.stm32cube.ide.mcu.externaltools.gnu-tools-for-stm32.7-2018-q2-update.win32_1.0.0.201904181610/tools/bin/../lib/gcc/arm-none-eabi/7.3.1/thumb/v7-m/crtbegin.o
                0x000000002000017c                . = ALIGN (0x4)

.bss            0x000000002000017c     0x121c load address 0x0000000008006308
                0x000000002000017c                _sbss = .
                0x000000002000017c                __bss_start__ = _sbss
 *(.bss)
 .bss           0x000000002000017c       0x1c c:/st/stm32cubeide_1.2.0/stm32cubeide/plugins/com.st.stm32cube.ide.mcu.externaltools.gnu-tools-for-stm32.7-2018-q2-update.win32_1.0.0.201904181610/tools/bin/../lib/gcc/arm-none-eabi/7.3.1/thumb/v7-m/crtbegin.o
 *(.bss*)
 .bss.cfgidx.7752
                0x0000000020000198        0x1 Middlewares/ST/STM32_USB_Device_Library/Core/Src/usbd_ctlreq.o
 *fill*         0x0000000020000199        0x3 
 .bss.mem.7817  0x000000002000019c      0x220 USB_DEVICE/Target/usbd_conf.o
 *(COMMON)
 COMMON         0x00000000200003bc       0xd8 Core/Src/main.o
                0x00000000200003bc                sizeBufferLora
                0x00000000200003c0                huart3
                0x0000000020000400                CDC_rx_flag
                0x0000000020000404                CDC_tx_buff
                0x0000000020000440                txBufferLora
                0x000000002000047c                CDC_tx_size
                0x0000000020000480                rxBufferLora
 COMMON         0x0000000020000494        0x4 Drivers/STM32F1xx_HAL_Driver/Src/stm32f1xx_hal.o
                0x0000000020000494                uwTick
 COMMON         0x0000000020000498      0x2c4 USB_DEVICE/App/usb_device.o
                0x0000000020000498                hUsbDeviceFS
 COMMON         0x000000002000075c      0x7d0 USB_DEVICE/App/usbd_cdc_if.o
                0x000000002000075c                UserRxBufferFS
                0x0000000020000b44                UserTxBufferFS
 COMMON         0x0000000020000f2c      0x200 USB_DEVICE/App/usbd_desc.o
                0x0000000020000f2c                USBD_StrDesc
 COMMON         0x000000002000112c      0x26c USB_DEVICE/Target/usbd_conf.o
                0x000000002000112c                hpcd_USB_FS
                0x0000000020001398                . = ALIGN (0x4)
                0x0000000020001398                _ebss = .
                0x0000000020001398                __bss_end__ = _ebss

._user_heap_stack
                0x0000000020001398      0x600 load address 0x0000000008006308
                0x0000000020001398                . = ALIGN (0x8)
                0x0000000020001398                PROVIDE (end = .)
                [!provide]                        PROVIDE (_end = .)
                0x0000000020001598                . = (. + _Min_Heap_Size)
 *fill*         0x0000000020001398      0x200 
                0x0000000020001998                . = (. + _Min_Stack_Size)
 *fill*         0x0000000020001598      0x400 
                0x0000000020001998                . = ALIGN (0x8)

/DISCARD/
 libc.a(*)
 libm.a(*)
 libgcc.a(*)

.ARM.attributes
                0x0000000000000000       0x29
 *(.ARM.attributes)
 .ARM.attributes
                0x0000000000000000       0x1d c:/st/stm32cubeide_1.2.0/stm32cubeide/plugins/com.st.stm32cube.ide.mcu.externaltools.gnu-tools-for-stm32.7-2018-q2-update.win32_1.0.0.201904181610/tools/bin/../lib/gcc/arm-none-eabi/7.3.1/thumb/v7-m/crti.o
 .ARM.attributes
                0x000000000000001d       0x2d c:/st/stm32cubeide_1.2.0/stm32cubeide/plugins/com.st.stm32cube.ide.mcu.externaltools.gnu-tools-for-stm32.7-2018-q2-update.win32_1.0.0.201904181610/tools/bin/../lib/gcc/arm-none-eabi/7.3.1/thumb/v7-m/crtbegin.o
 .ARM.attributes
                0x000000000000004a       0x33 Core/Src/main.o
 .ARM.attributes
                0x000000000000007d       0x33 Core/Src/stm32f1xx_hal_msp.o
 .ARM.attributes
                0x00000000000000b0       0x33 Core/Src/stm32f1xx_it.o
 .ARM.attributes
                0x00000000000000e3       0x33 Core/Src/system_stm32f1xx.o
 .ARM.attributes
                0x0000000000000116       0x21 Core/Startup/startup_stm32f103c8tx.o
 .ARM.attributes
                0x0000000000000137       0x33 Drivers/STM32F1xx_HAL_Driver/Src/stm32f1xx_hal.o
 .ARM.attributes
                0x000000000000016a       0x33 Drivers/STM32F1xx_HAL_Driver/Src/stm32f1xx_hal_cortex.o
 .ARM.attributes
                0x000000000000019d       0x33 Drivers/STM32F1xx_HAL_Driver/Src/stm32f1xx_hal_dma.o
 .ARM.attributes
                0x00000000000001d0       0x33 Drivers/STM32F1xx_HAL_Driver/Src/stm32f1xx_hal_gpio.o
 .ARM.attributes
                0x0000000000000203       0x33 Drivers/STM32F1xx_HAL_Driver/Src/stm32f1xx_hal_pcd.o
 .ARM.attributes
                0x0000000000000236       0x33 Drivers/STM32F1xx_HAL_Driver/Src/stm32f1xx_hal_pcd_ex.o
 .ARM.attributes
                0x0000000000000269       0x33 Drivers/STM32F1xx_HAL_Driver/Src/stm32f1xx_hal_rcc.o
 .ARM.attributes
                0x000000000000029c       0x33 Drivers/STM32F1xx_HAL_Driver/Src/stm32f1xx_hal_rcc_ex.o
 .ARM.attributes
                0x00000000000002cf       0x33 Drivers/STM32F1xx_HAL_Driver/Src/stm32f1xx_hal_uart.o
 .ARM.attributes
                0x0000000000000302       0x33 Drivers/STM32F1xx_HAL_Driver/Src/stm32f1xx_ll_usb.o
 .ARM.attributes
                0x0000000000000335       0x33 Middlewares/ST/STM32_USB_Device_Library/Class/CDC/Src/usbd_cdc.o
 .ARM.attributes
                0x0000000000000368       0x33 Middlewares/ST/STM32_USB_Device_Library/Core/Src/usbd_core.o
 .ARM.attributes
                0x000000000000039b       0x33 Middlewares/ST/STM32_USB_Device_Library/Core/Src/usbd_ctlreq.o
 .ARM.attributes
                0x00000000000003ce       0x33 Middlewares/ST/STM32_USB_Device_Library/Core/Src/usbd_ioreq.o
 .ARM.attributes
                0x0000000000000401       0x33 USB_DEVICE/App/usb_device.o
 .ARM.attributes
                0x0000000000000434       0x33 USB_DEVICE/App/usbd_cdc_if.o
 .ARM.attributes
                0x0000000000000467       0x33 USB_DEVICE/App/usbd_desc.o
 .ARM.attributes
                0x000000000000049a       0x33 USB_DEVICE/Target/usbd_conf.o
 .ARM.attributes
                0x00000000000004cd       0x2d c:/st/stm32cubeide_1.2.0/stm32cubeide/plugins/com.st.stm32cube.ide.mcu.externaltools.gnu-tools-for-stm32.7-2018-q2-update.win32_1.0.0.201904181610/tools/bin/../lib/gcc/arm-none-eabi/7.3.1/../../../../arm-none-eabi/lib/thumb/v7-m\libc_nano.a(lib_a-init.o)
 .ARM.attributes
                0x00000000000004fa       0x2d c:/st/stm32cubeide_1.2.0/stm32cubeide/plugins/com.st.stm32cube.ide.mcu.externaltools.gnu-tools-for-stm32.7-2018-q2-update.win32_1.0.0.201904181610/tools/bin/../lib/gcc/arm-none-eabi/7.3.1/../../../../arm-none-eabi/lib/thumb/v7-m\libc_nano.a(lib_a-memset.o)
 .ARM.attributes
                0x0000000000000527       0x1d c:/st/stm32cubeide_1.2.0/stm32cubeide/plugins/com.st.stm32cube.ide.mcu.externaltools.gnu-tools-for-stm32.7-2018-q2-update.win32_1.0.0.201904181610/tools/bin/../lib/gcc/arm-none-eabi/7.3.1/thumb/v7-m/crtn.o
OUTPUT(Mota_Limpo.elf elf32-littlearm)

.debug_info     0x0000000000000000    0x127dc
 .debug_info    0x0000000000000000     0x139f Core/Src/main.o
 .debug_info    0x000000000000139f      0x96d Core/Src/stm32f1xx_hal_msp.o
 .debug_info    0x0000000000001d0c      0xa7d Core/Src/stm32f1xx_it.o
 .debug_info    0x0000000000002789      0x433 Core/Src/system_stm32f1xx.o
 .debug_info    0x0000000000002bbc       0x22 Core/Startup/startup_stm32f103c8tx.o
 .debug_info    0x0000000000002bde      0x6fe Drivers/STM32F1xx_HAL_Driver/Src/stm32f1xx_hal.o
 .debug_info    0x00000000000032dc      0xb46 Drivers/STM32F1xx_HAL_Driver/Src/stm32f1xx_hal_cortex.o
 .debug_info    0x0000000000003e22      0x7a6 Drivers/STM32F1xx_HAL_Driver/Src/stm32f1xx_hal_dma.o
 .debug_info    0x00000000000045c8      0x681 Drivers/STM32F1xx_HAL_Driver/Src/stm32f1xx_hal_gpio.o
 .debug_info    0x0000000000004c49      0xe38 Drivers/STM32F1xx_HAL_Driver/Src/stm32f1xx_hal_pcd.o
 .debug_info    0x0000000000005a81      0x760 Drivers/STM32F1xx_HAL_Driver/Src/stm32f1xx_hal_pcd_ex.o
 .debug_info    0x00000000000061e1      0x804 Drivers/STM32F1xx_HAL_Driver/Src/stm32f1xx_hal_rcc.o
 .debug_info    0x00000000000069e5      0x439 Drivers/STM32F1xx_HAL_Driver/Src/stm32f1xx_hal_rcc_ex.o
 .debug_info    0x0000000000006e1e     0x11e3 Drivers/STM32F1xx_HAL_Driver/Src/stm32f1xx_hal_uart.o
 .debug_info    0x0000000000008001     0x14f9 Drivers/STM32F1xx_HAL_Driver/Src/stm32f1xx_ll_usb.o
 .debug_info    0x00000000000094fa     0x1791 Middlewares/ST/STM32_USB_Device_Library/Class/CDC/Src/usbd_cdc.o
 .debug_info    0x000000000000ac8b     0x11c2 Middlewares/ST/STM32_USB_Device_Library/Core/Src/usbd_core.o
 .debug_info    0x000000000000be4d     0x1132 Middlewares/ST/STM32_USB_Device_Library/Core/Src/usbd_ctlreq.o
 .debug_info    0x000000000000cf7f      0xf23 Middlewares/ST/STM32_USB_Device_Library/Core/Src/usbd_ioreq.o
 .debug_info    0x000000000000dea2      0xe6b USB_DEVICE/App/usb_device.o
 .debug_info    0x000000000000ed0d     0x1036 USB_DEVICE/App/usbd_cdc_if.o
 .debug_info    0x000000000000fd43      0xd07 USB_DEVICE/App/usbd_desc.o
 .debug_info    0x0000000000010a4a     0x1d92 USB_DEVICE/Target/usbd_conf.o

.debug_abbrev   0x0000000000000000     0x2e1e
 .debug_abbrev  0x0000000000000000      0x266 Core/Src/main.o
 .debug_abbrev  0x0000000000000266      0x195 Core/Src/stm32f1xx_hal_msp.o
 .debug_abbrev  0x00000000000003fb      0x174 Core/Src/stm32f1xx_it.o
 .debug_abbrev  0x000000000000056f      0x134 Core/Src/system_stm32f1xx.o
 .debug_abbrev  0x00000000000006a3       0x12 Core/Startup/startup_stm32f103c8tx.o
 .debug_abbrev  0x00000000000006b5      0x1d8 Drivers/STM32F1xx_HAL_Driver/Src/stm32f1xx_hal.o
 .debug_abbrev  0x000000000000088d      0x2d5 Drivers/STM32F1xx_HAL_Driver/Src/stm32f1xx_hal_cortex.o
 .debug_abbrev  0x0000000000000b62      0x1fe Drivers/STM32F1xx_HAL_Driver/Src/stm32f1xx_hal_dma.o
 .debug_abbrev  0x0000000000000d60      0x1c0 Drivers/STM32F1xx_HAL_Driver/Src/stm32f1xx_hal_gpio.o
 .debug_abbrev  0x0000000000000f20      0x263 Drivers/STM32F1xx_HAL_Driver/Src/stm32f1xx_hal_pcd.o
 .debug_abbrev  0x0000000000001183      0x188 Drivers/STM32F1xx_HAL_Driver/Src/stm32f1xx_hal_pcd_ex.o
 .debug_abbrev  0x000000000000130b      0x243 Drivers/STM32F1xx_HAL_Driver/Src/stm32f1xx_hal_rcc.o
 .debug_abbrev  0x000000000000154e      0x175 Drivers/STM32F1xx_HAL_Driver/Src/stm32f1xx_hal_rcc_ex.o
 .debug_abbrev  0x00000000000016c3      0x242 Drivers/STM32F1xx_HAL_Driver/Src/stm32f1xx_hal_uart.o
 .debug_abbrev  0x0000000000001905      0x1c5 Drivers/STM32F1xx_HAL_Driver/Src/stm32f1xx_ll_usb.o
 .debug_abbrev  0x0000000000001aca      0x2b6 Middlewares/ST/STM32_USB_Device_Library/Class/CDC/Src/usbd_cdc.o
 .debug_abbrev  0x0000000000001d80      0x270 Middlewares/ST/STM32_USB_Device_Library/Core/Src/usbd_core.o
 .debug_abbrev  0x0000000000001ff0      0x2a0 Middlewares/ST/STM32_USB_Device_Library/Core/Src/usbd_ctlreq.o
 .debug_abbrev  0x0000000000002290      0x1e0 Middlewares/ST/STM32_USB_Device_Library/Core/Src/usbd_ioreq.o
 .debug_abbrev  0x0000000000002470      0x1be USB_DEVICE/App/usb_device.o
 .debug_abbrev  0x000000000000262e      0x285 USB_DEVICE/App/usbd_cdc_if.o
 .debug_abbrev  0x00000000000028b3      0x290 USB_DEVICE/App/usbd_desc.o
 .debug_abbrev  0x0000000000002b43      0x2db USB_DEVICE/Target/usbd_conf.o

.debug_aranges  0x0000000000000000      0xcf8
 .debug_aranges
                0x0000000000000000       0x60 Core/Src/main.o
 .debug_aranges
                0x0000000000000060       0x30 Core/Src/stm32f1xx_hal_msp.o
 .debug_aranges
                0x0000000000000090       0x78 Core/Src/stm32f1xx_it.o
 .debug_aranges
                0x0000000000000108       0x28 Core/Src/system_stm32f1xx.o
 .debug_aranges
                0x0000000000000130       0x28 Core/Startup/startup_stm32f103c8tx.o
 .debug_aranges
                0x0000000000000158       0xe0 Drivers/STM32F1xx_HAL_Driver/Src/stm32f1xx_hal.o
 .debug_aranges
                0x0000000000000238      0x100 Drivers/STM32F1xx_HAL_Driver/Src/stm32f1xx_hal_cortex.o
 .debug_aranges
                0x0000000000000338       0x80 Drivers/STM32F1xx_HAL_Driver/Src/stm32f1xx_hal_dma.o
 .debug_aranges
                0x00000000000003b8       0x58 Drivers/STM32F1xx_HAL_Driver/Src/stm32f1xx_hal_gpio.o
 .debug_aranges
                0x0000000000000410      0x120 Drivers/STM32F1xx_HAL_Driver/Src/stm32f1xx_hal_pcd.o
 .debug_aranges
                0x0000000000000530       0x38 Drivers/STM32F1xx_HAL_Driver/Src/stm32f1xx_hal_pcd_ex.o
 .debug_aranges
                0x0000000000000568       0x90 Drivers/STM32F1xx_HAL_Driver/Src/stm32f1xx_hal_rcc.o
 .debug_aranges
                0x00000000000005f8       0x30 Drivers/STM32F1xx_HAL_Driver/Src/stm32f1xx_hal_rcc_ex.o
 .debug_aranges
                0x0000000000000628      0x1d0 Drivers/STM32F1xx_HAL_Driver/Src/stm32f1xx_hal_uart.o
 .debug_aranges
                0x00000000000007f8      0x108 Drivers/STM32F1xx_HAL_Driver/Src/stm32f1xx_ll_usb.o
 .debug_aranges
                0x0000000000000900       0x90 Middlewares/ST/STM32_USB_Device_Library/Class/CDC/Src/usbd_cdc.o
 .debug_aranges
                0x0000000000000990       0xb8 Middlewares/ST/STM32_USB_Device_Library/Core/Src/usbd_core.o
 .debug_aranges
                0x0000000000000a48       0x88 Middlewares/ST/STM32_USB_Device_Library/Core/Src/usbd_ctlreq.o
 .debug_aranges
                0x0000000000000ad0       0x50 Middlewares/ST/STM32_USB_Device_Library/Core/Src/usbd_ioreq.o
 .debug_aranges
                0x0000000000000b20       0x20 USB_DEVICE/App/usb_device.o
 .debug_aranges
                0x0000000000000b40       0x40 USB_DEVICE/App/usbd_cdc_if.o
 .debug_aranges
                0x0000000000000b80       0x60 USB_DEVICE/App/usbd_desc.o
 .debug_aranges
                0x0000000000000be0      0x118 USB_DEVICE/Target/usbd_conf.o

.debug_ranges   0x0000000000000000      0xb90
 .debug_ranges  0x0000000000000000       0x50 Core/Src/main.o
 .debug_ranges  0x0000000000000050       0x20 Core/Src/stm32f1xx_hal_msp.o
 .debug_ranges  0x0000000000000070       0x68 Core/Src/stm32f1xx_it.o
 .debug_ranges  0x00000000000000d8       0x18 Core/Src/system_stm32f1xx.o
 .debug_ranges  0x00000000000000f0       0x20 Core/Startup/startup_stm32f103c8tx.o
 .debug_ranges  0x0000000000000110       0xd0 Drivers/STM32F1xx_HAL_Driver/Src/stm32f1xx_hal.o
 .debug_ranges  0x00000000000001e0       0xf0 Drivers/STM32F1xx_HAL_Driver/Src/stm32f1xx_hal_cortex.o
 .debug_ranges  0x00000000000002d0       0x70 Drivers/STM32F1xx_HAL_Driver/Src/stm32f1xx_hal_dma.o
 .debug_ranges  0x0000000000000340       0x48 Drivers/STM32F1xx_HAL_Driver/Src/stm32f1xx_hal_gpio.o
 .debug_ranges  0x0000000000000388      0x110 Drivers/STM32F1xx_HAL_Driver/Src/stm32f1xx_hal_pcd.o
 .debug_ranges  0x0000000000000498       0x28 Drivers/STM32F1xx_HAL_Driver/Src/stm32f1xx_hal_pcd_ex.o
 .debug_ranges  0x00000000000004c0       0x80 Drivers/STM32F1xx_HAL_Driver/Src/stm32f1xx_hal_rcc.o
 .debug_ranges  0x0000000000000540       0x20 Drivers/STM32F1xx_HAL_Driver/Src/stm32f1xx_hal_rcc_ex.o
 .debug_ranges  0x0000000000000560      0x1c0 Drivers/STM32F1xx_HAL_Driver/Src/stm32f1xx_hal_uart.o
 .debug_ranges  0x0000000000000720       0xf8 Drivers/STM32F1xx_HAL_Driver/Src/stm32f1xx_ll_usb.o
 .debug_ranges  0x0000000000000818       0x80 Middlewares/ST/STM32_USB_Device_Library/Class/CDC/Src/usbd_cdc.o
 .debug_ranges  0x0000000000000898       0xa8 Middlewares/ST/STM32_USB_Device_Library/Core/Src/usbd_core.o
 .debug_ranges  0x0000000000000940       0x78 Middlewares/ST/STM32_USB_Device_Library/Core/Src/usbd_ctlreq.o
 .debug_ranges  0x00000000000009b8       0x40 Middlewares/ST/STM32_USB_Device_Library/Core/Src/usbd_ioreq.o
 .debug_ranges  0x00000000000009f8       0x10 USB_DEVICE/App/usb_device.o
 .debug_ranges  0x0000000000000a08       0x30 USB_DEVICE/App/usbd_cdc_if.o
 .debug_ranges  0x0000000000000a38       0x50 USB_DEVICE/App/usbd_desc.o
 .debug_ranges  0x0000000000000a88      0x108 USB_DEVICE/Target/usbd_conf.o

.debug_macro    0x0000000000000000    0x167dc
 .debug_macro   0x0000000000000000      0x3a0 Core/Src/main.o
 .debug_macro   0x00000000000003a0      0xa5a Core/Src/main.o
 .debug_macro   0x0000000000000dfa      0x21b Core/Src/main.o
 .debug_macro   0x0000000000001015       0x2e Core/Src/main.o
 .debug_macro   0x0000000000001043       0x22 Core/Src/main.o
 .debug_macro   0x0000000000001065       0x22 Core/Src/main.o
 .debug_macro   0x0000000000001087       0x8e Core/Src/main.o
 .debug_macro   0x0000000000001115       0x51 Core/Src/main.o
 .debug_macro   0x0000000000001166       0xef Core/Src/main.o
 .debug_macro   0x0000000000001255       0x6a Core/Src/main.o
 .debug_macro   0x00000000000012bf      0x1df Core/Src/main.o
 .debug_macro   0x000000000000149e       0x1c Core/Src/main.o
 .debug_macro   0x00000000000014ba       0x22 Core/Src/main.o
 .debug_macro   0x00000000000014dc       0xc3 Core/Src/main.o
 .debug_macro   0x000000000000159f      0xd23 Core/Src/main.o
 .debug_macro   0x00000000000022c2     0xe09e Core/Src/main.o
 .debug_macro   0x0000000000010360       0x43 Core/Src/main.o
 .debug_macro   0x00000000000103a3      0x174 Core/Src/main.o
 .debug_macro   0x0000000000010517       0x5a Core/Src/main.o
 .debug_macro   0x0000000000010571      0x5be Core/Src/main.o
 .debug_macro   0x0000000000010b2f      0x289 Core/Src/main.o
 .debug_macro   0x0000000000010db8      0x1cb Core/Src/main.o
 .debug_macro   0x0000000000010f83      0x114 Core/Src/main.o
 .debug_macro   0x0000000000011097      0x1b2 Core/Src/main.o
 .debug_macro   0x0000000000011249       0x27 Core/Src/main.o
 .debug_macro   0x0000000000011270      0x136 Core/Src/main.o
 .debug_macro   0x00000000000113a6      0x1bc Core/Src/main.o
 .debug_macro   0x0000000000011562       0x34 Core/Src/main.o
 .debug_macro   0x0000000000011596       0x3c Core/Src/main.o
 .debug_macro   0x00000000000115d2       0x57 Core/Src/main.o
 .debug_macro   0x0000000000011629       0x88 Core/Src/main.o
 .debug_macro   0x00000000000116b1      0x241 Core/Src/main.o
 .debug_macro   0x00000000000118f2      0x141 Core/Src/main.o
 .debug_macro   0x0000000000011a33      0x26b Core/Src/main.o
 .debug_macro   0x0000000000011c9e       0x65 Core/Src/main.o
 .debug_macro   0x0000000000011d03      0x249 Core/Src/main.o
 .debug_macro   0x0000000000011f4c       0x83 Core/Src/main.o
 .debug_macro   0x0000000000011fcf       0x7c Core/Src/main.o
 .debug_macro   0x000000000001204b       0x46 Core/Src/main.o
 .debug_macro   0x0000000000012091       0x18 Core/Src/main.o
 .debug_macro   0x00000000000120a9       0x3c Core/Src/main.o
 .debug_macro   0x00000000000120e5       0x34 Core/Src/main.o
 .debug_macro   0x0000000000012119       0x16 Core/Src/main.o
 .debug_macro   0x000000000001212f       0x35 Core/Src/main.o
 .debug_macro   0x0000000000012164      0x32a Core/Src/main.o
 .debug_macro   0x000000000001248e       0x10 Core/Src/main.o
 .debug_macro   0x000000000001249e       0x52 Core/Src/main.o
 .debug_macro   0x00000000000124f0       0x1f Core/Src/main.o
 .debug_macro   0x000000000001250f       0x43 Core/Src/main.o
 .debug_macro   0x0000000000012552       0x20 Core/Src/main.o
 .debug_macro   0x0000000000012572      0x1a3 Core/Src/main.o
 .debug_macro   0x0000000000012715       0x10 Core/Src/main.o
 .debug_macro   0x0000000000012725       0x1c Core/Src/main.o
 .debug_macro   0x0000000000012741       0x52 Core/Src/main.o
 .debug_macro   0x0000000000012793       0x40 Core/Src/main.o
 .debug_macro   0x00000000000127d3       0x10 Core/Src/main.o
 .debug_macro   0x00000000000127e3       0x40 Core/Src/main.o
 .debug_macro   0x0000000000012823       0xd7 Core/Src/main.o
 .debug_macro   0x00000000000128fa       0x1c Core/Src/main.o
 .debug_macro   0x0000000000012916       0x3d Core/Src/main.o
 .debug_macro   0x0000000000012953       0x16 Core/Src/main.o
 .debug_macro   0x0000000000012969      0x145 Core/Src/main.o
 .debug_macro   0x0000000000012aae       0x16 Core/Src/main.o
 .debug_macro   0x0000000000012ac4       0x16 Core/Src/main.o
 .debug_macro   0x0000000000012ada       0x29 Core/Src/main.o
 .debug_macro   0x0000000000012b03       0x16 Core/Src/main.o
 .debug_macro   0x0000000000012b19       0x20 Core/Src/main.o
 .debug_macro   0x0000000000012b39       0x60 Core/Src/main.o
 .debug_macro   0x0000000000012b99      0x1c8 Core/Src/main.o
 .debug_macro   0x0000000000012d61      0x1b8 Core/Src/stm32f1xx_hal_msp.o
 .debug_macro   0x0000000000012f19      0x1c2 Core/Src/stm32f1xx_it.o
 .debug_macro   0x00000000000130db      0x1af Core/Src/system_stm32f1xx.o
 .debug_macro   0x000000000001328a      0x1cd Drivers/STM32F1xx_HAL_Driver/Src/stm32f1xx_hal.o
 .debug_macro   0x0000000000013457      0x1a9 Drivers/STM32F1xx_HAL_Driver/Src/stm32f1xx_hal_cortex.o
 .debug_macro   0x0000000000013600      0x1a9 Drivers/STM32F1xx_HAL_Driver/Src/stm32f1xx_hal_dma.o
 .debug_macro   0x00000000000137a9      0x214 Drivers/STM32F1xx_HAL_Driver/Src/stm32f1xx_hal_gpio.o
 .debug_macro   0x00000000000139bd      0x1b5 Drivers/STM32F1xx_HAL_Driver/Src/stm32f1xx_hal_pcd.o
 .debug_macro   0x0000000000013b72      0x1a9 Drivers/STM32F1xx_HAL_Driver/Src/stm32f1xx_hal_pcd_ex.o
 .debug_macro   0x0000000000013d1b      0x1bb Drivers/STM32F1xx_HAL_Driver/Src/stm32f1xx_hal_rcc.o
 .debug_macro   0x0000000000013ed6      0x1a9 Drivers/STM32F1xx_HAL_Driver/Src/stm32f1xx_hal_rcc_ex.o
 .debug_macro   0x000000000001407f      0x1aa Drivers/STM32F1xx_HAL_Driver/Src/stm32f1xx_hal_uart.o
 .debug_macro   0x0000000000014229      0x1a9 Drivers/STM32F1xx_HAL_Driver/Src/stm32f1xx_ll_usb.o
 .debug_macro   0x00000000000143d2      0x3c5 Middlewares/ST/STM32_USB_Device_Library/Class/CDC/Src/usbd_cdc.o
 .debug_macro   0x0000000000014797       0x97 Middlewares/ST/STM32_USB_Device_Library/Class/CDC/Src/usbd_cdc.o
 .debug_macro   0x000000000001482e       0xfd Middlewares/ST/STM32_USB_Device_Library/Class/CDC/Src/usbd_cdc.o
 .debug_macro   0x000000000001492b       0xbd Middlewares/ST/STM32_USB_Device_Library/Class/CDC/Src/usbd_cdc.o
 .debug_macro   0x00000000000149e8       0x54 Middlewares/ST/STM32_USB_Device_Library/Class/CDC/Src/usbd_cdc.o
 .debug_macro   0x0000000000014a3c       0x8f Middlewares/ST/STM32_USB_Device_Library/Class/CDC/Src/usbd_cdc.o
 .debug_macro   0x0000000000014acb      0x3ac Middlewares/ST/STM32_USB_Device_Library/Core/Src/usbd_core.o
 .debug_macro   0x0000000000014e77      0x1ce Middlewares/ST/STM32_USB_Device_Library/Core/Src/usbd_core.o
 .debug_macro   0x0000000000015045      0x3b6 Middlewares/ST/STM32_USB_Device_Library/Core/Src/usbd_ctlreq.o
 .debug_macro   0x00000000000153fb      0x3b2 Middlewares/ST/STM32_USB_Device_Library/Core/Src/usbd_ioreq.o
 .debug_macro   0x00000000000157ad      0x3e6 USB_DEVICE/App/usb_device.o
 .debug_macro   0x0000000000015b93       0x82 USB_DEVICE/App/usb_device.o
 .debug_macro   0x0000000000015c15       0x22 USB_DEVICE/App/usb_device.o
 .debug_macro   0x0000000000015c37      0x3d7 USB_DEVICE/App/usbd_cdc_if.o
 .debug_macro   0x000000000001600e      0x3e9 USB_DEVICE/App/usbd_desc.o
 .debug_macro   0x00000000000163f7       0x1c USB_DEVICE/App/usbd_desc.o
 .debug_macro   0x0000000000016413      0x3c9 USB_DEVICE/Target/usbd_conf.o

.debug_line     0x0000000000000000     0xd347
 .debug_line    0x0000000000000000      0xa3b Core/Src/main.o
 .debug_line    0x0000000000000a3b      0x683 Core/Src/stm32f1xx_hal_msp.o
 .debug_line    0x00000000000010be      0x725 Core/Src/stm32f1xx_it.o
 .debug_line    0x00000000000017e3      0x67d Core/Src/system_stm32f1xx.o
 .debug_line    0x0000000000001e60       0x84 Core/Startup/startup_stm32f103c8tx.o
 .debug_line    0x0000000000001ee4      0x825 Drivers/STM32F1xx_HAL_Driver/Src/stm32f1xx_hal.o
 .debug_line    0x0000000000002709      0x8fe Drivers/STM32F1xx_HAL_Driver/Src/stm32f1xx_hal_cortex.o
 .debug_line    0x0000000000003007      0xa8c Drivers/STM32F1xx_HAL_Driver/Src/stm32f1xx_hal_dma.o
 .debug_line    0x0000000000003a93      0x825 Drivers/STM32F1xx_HAL_Driver/Src/stm32f1xx_hal_gpio.o
 .debug_line    0x00000000000042b8      0xb18 Drivers/STM32F1xx_HAL_Driver/Src/stm32f1xx_hal_pcd.o
 .debug_line    0x0000000000004dd0      0x698 Drivers/STM32F1xx_HAL_Driver/Src/stm32f1xx_hal_pcd_ex.o
 .debug_line    0x0000000000005468      0x8e7 Drivers/STM32F1xx_HAL_Driver/Src/stm32f1xx_hal_rcc.o
 .debug_line    0x0000000000005d4f      0x705 Drivers/STM32F1xx_HAL_Driver/Src/stm32f1xx_hal_rcc_ex.o
 .debug_line    0x0000000000006454      0xf30 Drivers/STM32F1xx_HAL_Driver/Src/stm32f1xx_hal_uart.o
 .debug_line    0x0000000000007384      0xb31 Drivers/STM32F1xx_HAL_Driver/Src/stm32f1xx_ll_usb.o
 .debug_line    0x0000000000007eb5      0xb03 Middlewares/ST/STM32_USB_Device_Library/Class/CDC/Src/usbd_cdc.o
 .debug_line    0x00000000000089b8      0xb3e Middlewares/ST/STM32_USB_Device_Library/Core/Src/usbd_core.o
 .debug_line    0x00000000000094f6      0xbc7 Middlewares/ST/STM32_USB_Device_Library/Core/Src/usbd_ctlreq.o
 .debug_line    0x000000000000a0bd      0x9a7 Middlewares/ST/STM32_USB_Device_Library/Core/Src/usbd_ioreq.o
 .debug_line    0x000000000000aa64      0x989 USB_DEVICE/App/usb_device.o
 .debug_line    0x000000000000b3ed      0x9bd USB_DEVICE/App/usbd_cdc_if.o
 .debug_line    0x000000000000bdaa      0x9db USB_DEVICE/App/usbd_desc.o
 .debug_line    0x000000000000c785      0xbc2 USB_DEVICE/Target/usbd_conf.o

.debug_str      0x0000000000000000    0x6f7da
 .debug_str     0x0000000000000000    0x6c4b9 Core/Src/main.o
                                      0x6c8e1 (size before relaxing)
 .debug_str     0x000000000006c4b9       0x84 Core/Src/stm32f1xx_hal_msp.o
                                      0x67af0 (size before relaxing)
 .debug_str     0x000000000006c53d      0x3b6 Core/Src/stm32f1xx_it.o
                                      0x67b01 (size before relaxing)
 .debug_str     0x000000000006c8f3       0xc2 Core/Src/system_stm32f1xx.o
                                      0x67296 (size before relaxing)
 .debug_str     0x000000000006c9b5       0x36 Core/Startup/startup_stm32f103c8tx.o
                                         0x70 (size before relaxing)
 .debug_str     0x000000000006c9eb      0x3bb Drivers/STM32F1xx_HAL_Driver/Src/stm32f1xx_hal.o
                                      0x678a7 (size before relaxing)
 .debug_str     0x000000000006cda6      0x2a0 Drivers/STM32F1xx_HAL_Driver/Src/stm32f1xx_hal_cortex.o
                                      0x678b5 (size before relaxing)
 .debug_str     0x000000000006d046      0x244 Drivers/STM32F1xx_HAL_Driver/Src/stm32f1xx_hal_dma.o
                                      0x675f7 (size before relaxing)
 .debug_str     0x000000000006d28a      0x31f Drivers/STM32F1xx_HAL_Driver/Src/stm32f1xx_hal_gpio.o
                                      0x675e0 (size before relaxing)
 .debug_str     0x000000000006d5a9      0x3af Drivers/STM32F1xx_HAL_Driver/Src/stm32f1xx_hal_pcd.o
                                      0x678c7 (size before relaxing)
 .debug_str     0x000000000006d958      0x18d Drivers/STM32F1xx_HAL_Driver/Src/stm32f1xx_hal_pcd_ex.o
                                      0x676a3 (size before relaxing)
 .debug_str     0x000000000006dae5      0x263 Drivers/STM32F1xx_HAL_Driver/Src/stm32f1xx_hal_rcc.o
                                      0x67619 (size before relaxing)
 .debug_str     0x000000000006dd48       0xb9 Drivers/STM32F1xx_HAL_Driver/Src/stm32f1xx_hal_rcc_ex.o
                                      0x673a6 (size before relaxing)
 .debug_str     0x000000000006de01      0x51c Drivers/STM32F1xx_HAL_Driver/Src/stm32f1xx_hal_uart.o
                                      0x67b08 (size before relaxing)
 .debug_str     0x000000000006e31d      0x2f8 Drivers/STM32F1xx_HAL_Driver/Src/stm32f1xx_ll_usb.o
                                      0x6770d (size before relaxing)
 .debug_str     0x000000000006e615      0x8c9 Middlewares/ST/STM32_USB_Device_Library/Class/CDC/Src/usbd_cdc.o
                                      0x6cbf3 (size before relaxing)
 .debug_str     0x000000000006eede      0x1b5 Middlewares/ST/STM32_USB_Device_Library/Core/Src/usbd_core.o
                                      0x6c507 (size before relaxing)
 .debug_str     0x000000000006f093      0x134 Middlewares/ST/STM32_USB_Device_Library/Core/Src/usbd_ctlreq.o
                                      0x6c48d (size before relaxing)
 .debug_str     0x000000000006f1c7       0xc9 Middlewares/ST/STM32_USB_Device_Library/Core/Src/usbd_ioreq.o
                                      0x6c415 (size before relaxing)
 .debug_str     0x000000000006f290       0xec USB_DEVICE/App/usb_device.o
                                      0x6c750 (size before relaxing)
 .debug_str     0x000000000006f37c       0xb2 USB_DEVICE/App/usbd_cdc_if.o
                                      0x6c7c0 (size before relaxing)
 .debug_str     0x000000000006f42e      0x258 USB_DEVICE/App/usbd_desc.o
                                      0x6c380 (size before relaxing)
 .debug_str     0x000000000006f686      0x154 USB_DEVICE/Target/usbd_conf.o
                                      0x6d019 (size before relaxing)

.comment        0x0000000000000000       0x7b
 .comment       0x0000000000000000       0x7b Core/Src/main.o
                                         0x7c (size before relaxing)
 .comment       0x000000000000007b       0x7c Core/Src/stm32f1xx_hal_msp.o
 .comment       0x000000000000007b       0x7c Core/Src/stm32f1xx_it.o
 .comment       0x000000000000007b       0x7c Core/Src/system_stm32f1xx.o
 .comment       0x000000000000007b       0x7c Drivers/STM32F1xx_HAL_Driver/Src/stm32f1xx_hal.o
 .comment       0x000000000000007b       0x7c Drivers/STM32F1xx_HAL_Driver/Src/stm32f1xx_hal_cortex.o
 .comment       0x000000000000007b       0x7c Drivers/STM32F1xx_HAL_Driver/Src/stm32f1xx_hal_dma.o
 .comment       0x000000000000007b       0x7c Drivers/STM32F1xx_HAL_Driver/Src/stm32f1xx_hal_gpio.o
 .comment       0x000000000000007b       0x7c Drivers/STM32F1xx_HAL_Driver/Src/stm32f1xx_hal_pcd.o
 .comment       0x000000000000007b       0x7c Drivers/STM32F1xx_HAL_Driver/Src/stm32f1xx_hal_pcd_ex.o
 .comment       0x000000000000007b       0x7c Drivers/STM32F1xx_HAL_Driver/Src/stm32f1xx_hal_rcc.o
 .comment       0x000000000000007b       0x7c Drivers/STM32F1xx_HAL_Driver/Src/stm32f1xx_hal_rcc_ex.o
 .comment       0x000000000000007b       0x7c Drivers/STM32F1xx_HAL_Driver/Src/stm32f1xx_hal_uart.o
 .comment       0x000000000000007b       0x7c Drivers/STM32F1xx_HAL_Driver/Src/stm32f1xx_ll_usb.o
 .comment       0x000000000000007b       0x7c Middlewares/ST/STM32_USB_Device_Library/Class/CDC/Src/usbd_cdc.o
 .comment       0x000000000000007b       0x7c Middlewares/ST/STM32_USB_Device_Library/Core/Src/usbd_core.o
 .comment       0x000000000000007b       0x7c Middlewares/ST/STM32_USB_Device_Library/Core/Src/usbd_ctlreq.o
 .comment       0x000000000000007b       0x7c Middlewares/ST/STM32_USB_Device_Library/Core/Src/usbd_ioreq.o
 .comment       0x000000000000007b       0x7c USB_DEVICE/App/usb_device.o
 .comment       0x000000000000007b       0x7c USB_DEVICE/App/usbd_cdc_if.o
 .comment       0x000000000000007b       0x7c USB_DEVICE/App/usbd_desc.o
 .comment       0x000000000000007b       0x7c USB_DEVICE/Target/usbd_conf.o

.debug_frame    0x0000000000000000     0x3310
 .debug_frame   0x0000000000000000      0x124 Core/Src/main.o
 .debug_frame   0x0000000000000124       0x7c Core/Src/stm32f1xx_hal_msp.o
 .debug_frame   0x00000000000001a0      0x164 Core/Src/stm32f1xx_it.o
 .debug_frame   0x0000000000000304       0x58 Core/Src/system_stm32f1xx.o
 .debug_frame   0x000000000000035c      0x334 Drivers/STM32F1xx_HAL_Driver/Src/stm32f1xx_hal.o
 .debug_frame   0x0000000000000690      0x428 Drivers/STM32F1xx_HAL_Driver/Src/stm32f1xx_hal_cortex.o
 .debug_frame   0x0000000000000ab8      0x208 Drivers/STM32F1xx_HAL_Driver/Src/stm32f1xx_hal_dma.o
 .debug_frame   0x0000000000000cc0      0x14c Drivers/STM32F1xx_HAL_Driver/Src/stm32f1xx_hal_gpio.o
 .debug_frame   0x0000000000000e0c      0x500 Drivers/STM32F1xx_HAL_Driver/Src/stm32f1xx_hal_pcd.o
 .debug_frame   0x000000000000130c       0xb0 Drivers/STM32F1xx_HAL_Driver/Src/stm32f1xx_hal_pcd_ex.o
 .debug_frame   0x00000000000013bc      0x21c Drivers/STM32F1xx_HAL_Driver/Src/stm32f1xx_hal_rcc.o
 .debug_frame   0x00000000000015d8       0x84 Drivers/STM32F1xx_HAL_Driver/Src/stm32f1xx_hal_rcc_ex.o
 .debug_frame   0x000000000000165c      0x834 Drivers/STM32F1xx_HAL_Driver/Src/stm32f1xx_hal_uart.o
 .debug_frame   0x0000000000001e90      0x4d8 Drivers/STM32F1xx_HAL_Driver/Src/stm32f1xx_ll_usb.o
 .debug_frame   0x0000000000002368      0x248 Middlewares/ST/STM32_USB_Device_Library/Class/CDC/Src/usbd_cdc.o
 .debug_frame   0x00000000000025b0      0x300 Middlewares/ST/STM32_USB_Device_Library/Core/Src/usbd_core.o
 .debug_frame   0x00000000000028b0      0x218 Middlewares/ST/STM32_USB_Device_Library/Core/Src/usbd_ctlreq.o
 .debug_frame   0x0000000000002ac8      0x10c Middlewares/ST/STM32_USB_Device_Library/Core/Src/usbd_ioreq.o
 .debug_frame   0x0000000000002bd4       0x2c USB_DEVICE/App/usb_device.o
 .debug_frame   0x0000000000002c00       0xbc USB_DEVICE/App/usbd_cdc_if.o
 .debug_frame   0x0000000000002cbc      0x160 USB_DEVICE/App/usbd_desc.o
 .debug_frame   0x0000000000002e1c      0x4a8 USB_DEVICE/Target/usbd_conf.o
 .debug_frame   0x00000000000032c4       0x2c c:/st/stm32cubeide_1.2.0/stm32cubeide/plugins/com.st.stm32cube.ide.mcu.externaltools.gnu-tools-for-stm32.7-2018-q2-update.win32_1.0.0.201904181610/tools/bin/../lib/gcc/arm-none-eabi/7.3.1/../../../../arm-none-eabi/lib/thumb/v7-m\libc_nano.a(lib_a-init.o)
 .debug_frame   0x00000000000032f0       0x20 c:/st/stm32cubeide_1.2.0/stm32cubeide/plugins/com.st.stm32cube.ide.mcu.externaltools.gnu-tools-for-stm32.7-2018-q2-update.win32_1.0.0.201904181610/tools/bin/../lib/gcc/arm-none-eabi/7.3.1/../../../../arm-none-eabi/lib/thumb/v7-m\libc_nano.a(lib_a-memset.o)
